Component: ARM Compiler 5.05 update 2 (build 169) Tool: armlink [4d0f33]

==============================================================================

Section Cross References

    main.o(i.main) refers to flash_spi.o(i.FLASH_SPI_initialize) for FLASH_SPI_initialize
    main.o(i.main) refers to water.o(i.water_stop) for water_stop
    main.o(i.main) refers to usartx.o(i.USARTx_Config) for USARTx_Config
    main.o(i.main) refers to rtc.o(i.RTC_check) for RTC_check
    main.o(i.main) refers to rtc.o(i.RTC_AlarmSet) for RTC_AlarmSet
    main.o(i.main) refers to net_sys.o(i.netInitialize) for netInitialize
    main.o(i.main) refers to net_slip.o(i.netSLIP_Listen) for netSLIP_Listen
    main.o(i.main) refers to rt_cmsis.o(i.osDelay) for osDelay
    main.o(i.main) refers to net_http_server.o(i.netHTTPs_LoginOnOff) for netHTTPs_LoginOnOff
    main.o(i.main) refers to board_led.o(i.Board_LED_GPIO_Config) for Board_LED_GPIO_Config
    main.o(i.main) refers to led_display.o(i.LED_display_init) for LED_display_init
    main.o(i.main) refers to led_display.o(i.LED_display_start) for LED_display_start
    main.o(i.main) refers to esp8266.o(i.ESP8266_init) for ESP8266_init
    main.o(i.main) refers to esp8266.o(i.ESP8266_rst) for ESP8266_rst
    main.o(i.main) refers to printf8.o(i.__0printf$8) for __2printf
    main.o(i.main) refers to water.o(i.water_start) for water_start
    main.o(i.main) refers to stm32f10x_gpio.o(i.GPIO_SetBits) for GPIO_SetBits
    main.o(i.main) refers to stm32f10x_gpio.o(i.GPIO_ResetBits) for GPIO_ResetBits
    main.o(i.main) refers to main.o(.data) for water_flag
    web.o(i.imageFileInfo) refers to web.o(i.crc32_8bit) for crc32_8bit
    web.o(i.imageFileInfo) refers to web.o(.constdata) for imageFileTable
    http_server_cgi.o(i.netCGI_ProcessData) refers to net_http_server.o(i.netCGI_GetEnvVar) for netCGI_GetEnvVar
    http_server_cgi.o(i.netCGI_ProcessData) refers to strncmp.o(.text) for strncmp
    http_server_cgi.o(i.netCGI_ProcessData) refers to net_http_server.o(i.netHTTPs_LoginOnOff) for netHTTPs_LoginOnOff
    http_server_cgi.o(i.netCGI_ProcessData) refers to http_server_cgi.o(i.save_display_para_to_flash) for save_display_para_to_flash
    http_server_cgi.o(i.netCGI_ProcessData) refers to strcpy.o(.text) for strcpy
    http_server_cgi.o(i.netCGI_ProcessData) refers to strcmp.o(.text) for strcmp
    http_server_cgi.o(i.netCGI_ProcessData) refers to net_config.o(.constdata) for net_http_config
    http_server_cgi.o(i.netCGI_ProcessQuery) refers to net_http_server.o(i.netCGI_GetEnvVar) for netCGI_GetEnvVar
    http_server_cgi.o(i.netCGI_ProcessQuery) refers to strncmp.o(.text) for strncmp
    http_server_cgi.o(i.netCGI_ProcessQuery) refers to atoi.o(.text) for atoi
    http_server_cgi.o(i.netCGI_ProcessQuery) refers to http_server_cgi.o(i.save_display_para_to_flash) for save_display_para_to_flash
    http_server_cgi.o(i.netCGI_ProcessQuery) refers to strtok.o(.text) for strtok
    http_server_cgi.o(i.netCGI_ProcessQuery) refers to rtc.o(i.Time_Adjust) for Time_Adjust
    http_server_cgi.o(i.netCGI_ProcessQuery) refers to main.o(.data) for water_time
    http_server_cgi.o(i.netCGI_Script) refers to printf8.o(i.__0sprintf$8) for __2sprintf
    http_server_cgi.o(i.netCGI_Script) refers to net_http_server.o(i.netHTTPs_LoginActive) for netHTTPs_LoginActive
    http_server_cgi.o(i.netCGI_Script) refers to stm32f10x_rtc.o(i.RTC_GetCounter) for RTC_GetCounter
    http_server_cgi.o(i.netCGI_Script) refers to rtc.o(i.to_tm) for to_tm
    http_server_cgi.o(i.netCGI_Script) refers to net_config.o(.constdata) for net_http_config
    http_server_cgi.o(i.netCGI_Script) refers to main.o(.bss) for system_time
    http_server_cgi.o(i.netCGI_Script) refers to main.o(.data) for water_time
    http_server_cgi.o(i.save_display_para_to_flash) refers to flash_spi.o(i.SPI_FLASH_SectorErase) for SPI_FLASH_SectorErase
    http_server_cgi.o(i.save_display_para_to_flash) refers to flash_spi.o(i.SPI_FLASH_BufferWrite) for SPI_FLASH_BufferWrite
    http_server_cgi.o(i.save_display_para_to_flash) refers to water.o(i.water_stop) for water_stop
    http_server_cgi.o(i.save_display_para_to_flash) refers to main.o(.data) for water_time
    flash_spi.o(i.FLASH_SPI_initialize) refers to stm32f10x_rcc.o(i.RCC_APB2PeriphClockCmd) for RCC_APB2PeriphClockCmd
    flash_spi.o(i.FLASH_SPI_initialize) refers to stm32f10x_gpio.o(i.GPIO_Init) for GPIO_Init
    flash_spi.o(i.FLASH_SPI_initialize) refers to stm32f10x_gpio.o(i.GPIO_SetBits) for GPIO_SetBits
    flash_spi.o(i.FLASH_SPI_initialize) refers to stm32f10x_spi.o(i.SPI_Init) for SPI_Init
    flash_spi.o(i.FLASH_SPI_initialize) refers to stm32f10x_spi.o(i.SPI_Cmd) for SPI_Cmd
    flash_spi.o(i.FLASH_SPI_initialize) refers to flash_spi.o(i.SPI_FLASH_ReadID) for SPI_FLASH_ReadID
    flash_spi.o(i.GetGBKCode_from_EXFlash) refers to flash_spi.o(i.SPI_FLASH_BufferRead) for SPI_FLASH_BufferRead
[...]
    mktimev                                  0x08006c41   Thumb Code   124  rtc.o(i.mktimev)
    netCGI_Charset                           0x08006d25   Thumb Code     4  net_http_server.o(i.netCGI_Charset)
    netCGI_ContentType                       0x08006d29   Thumb Code     4  net_http_server.o(i.netCGI_ContentType)
    netCGI_GetEnvVar                         0x08006d2d   Thumb Code   104  net_http_server.o(i.netCGI_GetEnvVar)
    netCGI_ProcessData                       0x08006d99   Thumb Code   190  http_server_cgi.o(i.netCGI_ProcessData)
    netCGI_ProcessQuery                      0x08006e8d   Thumb Code   280  http_server_cgi.o(i.netCGI_ProcessQuery)
    netCGI_Redirect                          0x08006fe9   Thumb Code     4  net_http_server.o(i.netCGI_Redirect)
    netCGI_Script                            0x08006fed   Thumb Code   364  http_server_cgi.o(i.netCGI_Script)
    netCGX_ContentType                       0x080071a5   Thumb Code     4  net_http_server.o(i.netCGX_ContentType)
    netCore_Thread                           0x080071a9   Thumb Code    76  net_sys.o(i.netCore_Thread)
    netHTTPs_AcceptClient                    0x08007201   Thumb Code     4  net_http_server.o(i.netHTTPs_AcceptClient)
    netHTTPs_CheckAccount                    0x08007205   Thumb Code     4  net_http_server.o(i.netHTTPs_CheckAccount)
    netHTTPs_FileAccess                      0x08007209   Thumb Code     4  net_http_server.o(i.netHTTPs_FileAccess)
    netHTTPs_LoginActive                     0x0800720d   Thumb Code     6  net_http_server.o(i.netHTTPs_LoginActive)
    netHTTPs_LoginOnOff                      0x08007219   Thumb Code    20  net_http_server.o(i.netHTTPs_LoginOnOff)
    netHTTPs_fclose                          0x08007235   Thumb Code     2  net_config.o(i.netHTTPs_fclose)
    netHTTPs_fgets                           0x08007237   Thumb Code     4  net_config.o(i.netHTTPs_fgets)
    netHTTPs_fopen                           0x0800723b   Thumb Code     4  net_config.o(i.netHTTPs_fopen)
    netHTTPs_fread                           0x0800723f   Thumb Code     4  net_config.o(i.netHTTPs_fread)
    netHTTPs_fstat                           0x08007243   Thumb Code     2  net_config.o(i.netHTTPs_fstat)
    netInitialize                            0x08007245   Thumb Code   162  net_sys.o(i.netInitialize)
    netSLIP_Listen                           0x08007359   Thumb Code    48  net_slip.o(i.netSLIP_Listen)
    netSLIP_Thread                           0x080073a1   Thumb Code    90  net_slip.o(i.netSLIP_Thread)
    netTLS_buf                               0x08007405   Thumb Code     4  net_config.o(i.netTLS_buf)
    netTLS_close                             0x08007409   Thumb Code     2  net_config.o(i.netTLS_close)
    netTLS_send                              0x0800740b   Thumb Code     2  net_config.o(i.netTLS_send)
    netTLS_socket                            0x0800740d   Thumb Code     4  net_config.o(i.netTLS_socket)
    net_addr4_aton                           0x08007411   Thumb Code    82  net_addr.o(i.net_addr4_aton)
    net_addr4_is_subnet                      0x08007479   Thumb Code    26  net_addr.o(i.net_addr4_is_subnet)
    net_addr4_ntoa                           0x08007495   Thumb Code     6  net_addr.o(i.net_addr4_ntoa)
    net_addr_ntoa                            0x080074a1   Thumb Code    14  net_addr.o(i.net_addr_ntoa)
    net_b64_decode                           0x080074b5   Thumb Code   122  net_common.o(i.net_b64_decode)
    net_com_flush_buf                        0x08007531   Thumb Code    28  net_serial.o(i.net_com_flush_buf)
    net_com_init                             0x08007555   Thumb Code   104  net_serial.o(i.net_com_init)
    net_com_recv_char                        0x080075c5   Thumb Code    40  net_serial.o(i.net_com_recv_char)
    net_com_send_char                        0x080075f1   Thumb Code    46  net_serial.o(i.net_com_send_char)
    net_com_tx_active                        0x08007625   Thumb Code    22  net_serial.o(i.net_com_tx_active)
    net_dbg_error                            0x08007641   Thumb Code   138  net_debug.o(i.net_dbg_error)
    net_dbg_info                             0x080076dd   Thumb Code    56  net_debug.o(i.net_dbg_info)
    net_dbg_proc                             0x08007721   Thumb Code    12  net_sys.o(i.net_dbg_proc)
    net_debug_init                           0x08007731   Thumb Code     2  net_debug.o(i.net_debug_init)
    net_eth_is_my_addr                       0x08007733   Thumb Code     4  net_config.o(i.net_eth_is_my_addr)
    net_eth_send_frame                       0x08007737   Thumb Code     4  net_config.o(i.net_eth_send_frame)
    net_http_server_init                     0x0800773d   Thumb Code   182  net_http_server.o(i.net_http_server_init)
    net_http_server_run                      0x08007855   Thumb Code    14  net_http_server.o(i.net_http_server_run)
    net_icmp_process                         0x08007869   Thumb Code   290  net_icmp.o(i.net_icmp_process)
    net_icmp_send_echo                       0x08007ad5   Thumb Code   122  net_icmp.o(i.net_icmp_send_echo)
    net_igmp_is_member                       0x08007b59   Thumb Code     4  net_config.o(i.net_igmp_is_member)
    net_ip4_checksum                         0x08007b5d   Thumb Code    76  net_ip4.o(i.net_ip4_checksum)
    net_ip4_chk_frame                        0x08007ba9   Thumb Code   250  net_ip4.o(i.net_ip4_chk_frame)
    net_ip4_chksum_buf                       0x08007d85   Thumb Code    50  net_ip4.o(i.net_ip4_chksum_buf)
    net_ip4_get_local                        0x08007db9   Thumb Code    52  net_ip4.o(i.net_ip4_get_local)
    net_ip4_init                             0x08007df9   Thumb Code    12  net_ip4.o(i.net_ip4_init)
    net_ip4_is_subcast                       0x08007e09   Thumb Code    38  net_ip4.o(i.net_ip4_is_subcast)
    net_ip4_send_frame                       0x08007e35   Thumb Code   310  net_ip4.o(i.net_ip4_send_frame)
    net_ip4_tx_offload                       0x08007fbd   Thumb Code    44  net_ip4.o(i.net_ip4_tx_offload)
    net_loop_iface_init                      0x08007ff1   Thumb Code    34  net_loop.o(i.net_loop_iface_init)
    net_loop_iface_run                       0x0800802d   Thumb Code   108  net_loop.o(i.net_loop_iface_run)
    net_loop_send_frame                      0x080080bd   Thumb Code    94  net_loop.o(i.net_loop_send_frame)
    net_mem_alloc                            0x08008149   Thumb Code   168  net_mem.o(i.net_mem_alloc)
    net_mem_avail                            0x0800826d   Thumb Code    22  net_mem.o(i.net_mem_avail)
    net_mem_free                             0x08008289   Thumb Code   136  net_mem.o(i.net_mem_free)
    net_mem_init                             0x08008375   Thumb Code   110  net_mem.o(i.net_mem_init)
    net_mem_shrink                           0x08008425   Thumb Code    60  net_mem.o(i.net_mem_shrink)
    net_modem_hangup                         0x08008485   Thumb Code    16  net_modem_drv.o(i.net_modem_hangup)
    net_modem_init                           0x08008499   Thumb Code    30  net_modem_drv.o(i.net_modem_init)
    net_modem_listen                         0x080084c1   Thumb Code    22  net_modem_drv.o(i.net_modem_listen)
    net_modem_online                         0x080084dd   Thumb Code    10  net_modem_drv.o(i.net_modem_online)
    net_modem_process                        0x080084ed   Thumb Code   130  net_modem_drv.o(i.net_modem_process)
    net_modem_run                            0x08008575   Thumb Code    74  net_modem_drv.o(i.net_modem_run)
    net_path                                 0x080085c5   Thumb Code    48  net_sys.o(i.net_path)
    net_ping_client_init                     0x080085f9   Thumb Code    20  net_ping.o(i.net_ping_client_init)
    net_ping_client_run                      0x08008621   Thumb Code    88  net_ping.o(i.net_ping_client_run)
    net_ppp_send_frame                       0x080086ad   Thumb Code     4  net_config.o(i.net_ppp_send_frame)
    net_rand32                               0x080086b1   Thumb Code    18  net_sys.o(i.net_rand32)
    net_slip_iface_init                      0x080086cd   Thumb Code   136  net_slip.o(i.net_slip_iface_init)
    net_slip_iface_run                       0x080087a1   Thumb Code   150  net_slip.o(i.net_slip_iface_run)
    net_slip_send_frame                      0x0800888d   Thumb Code    94  net_slip.o(i.net_slip_send_frame)
    net_strchr                               0x08008949   Thumb Code    22  net_common.o(i.net_strchr)
    net_strcmp                               0x0800895f   Thumb Code    26  net_common.o(i.net_strcmp)
    net_strcpy                               0x08008979   Thumb Code    18  net_common.o(i.net_strcpy)
    net_sys_error                            0x0800898b   Thumb Code     2  net_config.o(i.net_sys_error)
    net_sys_lock                             0x0800898d   Thumb Code    12  net_sys.o(i.net_sys_lock)
    net_sys_unlock                           0x080089b1   Thumb Code     8  net_sys.o(i.net_sys_unlock)
    net_sys_wakeup                           0x080089bd   Thumb Code    24  net_sys.o(i.net_sys_wakeup)
    net_tcp_abort                            0x080089dd   Thumb Code   120  net_tcp.o(i.net_tcp_abort)
    net_tcp_close                            0x08008aa9   Thumb Code   206  net_tcp.o(i.net_tcp_close)
    net_tcp_get_buf                          0x08008be9   Thumb Code    40  net_tcp.o(i.net_tcp_get_buf)
    net_tcp_get_mss                          0x08008c2d   Thumb Code    34  net_tcp.o(i.net_tcp_get_mss)
    net_tcp_get_socket                       0x08008c55   Thumb Code    96  net_tcp.o(i.net_tcp_get_socket)
    net_tcp_get_state                        0x08008d0d   Thumb Code    40  net_tcp.o(i.net_tcp_get_state)
    net_tcp_listen                           0x08008d39   Thumb Code   150  net_tcp.o(i.net_tcp_listen)
    net_tcp_process                          0x08008e4d   Thumb Code  2254  net_tcp.o(i.net_tcp_process)
    net_tcp_send                             0x08009961   Thumb Code   306  net_tcp.o(i.net_tcp_send)
    net_tcp_set_option                       0x08009bb1   Thumb Code   260  net_tcp.o(i.net_tcp_set_option)
    net_tcp_socket_init                      0x08009da9   Thumb Code    40  net_tcp.o(i.net_tcp_socket_init)
    net_tcp_socket_run                       0x08009df9   Thumb Code   788  net_tcp.o(i.net_tcp_socket_run)
    net_udp_process                          0x0800a299   Thumb Code     2  net_config.o(i.net_udp_process)
    osDelay                                  0x0800a29d   Thumb Code    18  rt_cmsis.o(i.osDelay)
    osKernelInitialize                       0x0800a2b5   Thumb Code    30  rt_cmsis.o(i.osKernelInitialize)
    osKernelStart                            0x0800a2d9   Thumb Code    98  rt_cmsis.o(i.osKernelStart)
    osMessageGet                             0x0800a345   Thumb Code    18  rt_cmsis.o(i.osMessageGet)
    osMutexCreate                            0x0800a35d   Thumb Code    38  rt_cmsis.o(i.osMutexCreate)
    osMutexRelease                           0x0800a38d   Thumb Code    18  rt_cmsis.o(i.osMutexRelease)
    osMutexWait                              0x0800a3a5   Thumb Code    18  rt_cmsis.o(i.osMutexWait)
    osSemaphoreCreate                        0x0800a3bd   Thumb Code    38  rt_cmsis.o(i.osSemaphoreCreate)
    osSemaphoreRelease                       0x0800a3ed   Thumb Code    18  rt_cmsis.o(i.osSemaphoreRelease)
    osSemaphoreWait                          0x0800a405   Thumb Code    20  rt_cmsis.o(i.osSemaphoreWait)
    osSignalClear                            0x0800a41d   Thumb Code    20  rt_cmsis.o(i.osSignalClear)
    osSignalSet                              0x0800a435   Thumb Code    18  rt_cmsis.o(i.osSignalSet)
    osSignalWait                             0x0800a44d   Thumb Code    18  rt_cmsis.o(i.osSignalWait)
    osThreadCreate                           0x0800a465   Thumb Code    38  rt_cmsis.o(i.osThreadCreate)
    osThreadExit                             0x0800a495   Thumb Code    14  rt_cmsis.o(i.osThreadExit)
    osThreadYield                            0x0800a4ad   Thumb Code    18  rt_cmsis.o(i.osThreadYield)
    osTimerCall                              0x0800a4c5   Thumb Code     8  rt_cmsis.o(i.osTimerCall)
    osTimerCreate                            0x0800a4d1   Thumb Code    44  rt_cmsis.o(i.osTimerCreate)
    osTimerStart                             0x0800a505   Thumb Code    18  rt_cmsis.o(i.osTimerStart)
    osTimerThread                            0x0800a51d   Thumb Code    38  rt_cmsis.o(i.osTimerThread)
    os_error                                 0x0800a549   Thumb Code    32  rtx_conf_cm.o(i.os_error)
    os_idle_demon                            0x0800a569   Thumb Code     4  rtx_conf_cm.o(i.os_idle_demon)
    os_tick_init                             0x0800a56d   Thumb Code    32  rt_system.o(i.os_tick_init)
    os_tick_irqack                           0x0800a595   Thumb Code     2  rt_system.o(i.os_tick_irqack)
    rt_alloc_box                             0x0800a697   Thumb Code    26  rt_membox.o(i.rt_alloc_box)
    rt_alloc_mem                             0x0800a6b1   Thumb Code    62  rt_memory.o(i.rt_alloc_mem)
    rt_block                                 0x0800a6f1   Thumb Code    48  rt_task.o(i.rt_block)
    rt_chk_robin                             0x0800a729   Thumb Code    60  rt_robin.o(i.rt_chk_robin)
    rt_dec_dly                               0x0800a771   Thumb Code   102  rt_list.o(i.rt_dec_dly)
    rt_dispatch                              0x0800a7e1   Thumb Code    60  rt_task.o(i.rt_dispatch)
    rt_dly_wait                              0x0800a825   Thumb Code     6  rt_time.o(i.rt_dly_wait)
    rt_evt_clr                               0x0800a82d   Thumb Code    22  rt_event.o(i.rt_evt_clr)
    rt_evt_psh                               0x0800a849   Thumb Code    76  rt_event.o(i.rt_evt_psh)
    rt_evt_set                               0x0800a899   Thumb Code    88  rt_event.o(i.rt_evt_set)
    rt_evt_wait                              0x0800a8f5   Thumb Code    56  rt_event.o(i.rt_evt_wait)
    rt_free_box                              0x0800a931   Thumb Code    32  rt_membox.o(i.rt_free_box)
    rt_free_mem                              0x0800a951   Thumb Code    40  rt_memory.o(i.rt_free_mem)
    rt_get_first                             0x0800a979   Thumb Code    40  rt_list.o(i.rt_get_first)
    rt_get_same_rdy_prio                     0x0800a9a1   Thumb Code    26  rt_list.o(i.rt_get_same_rdy_prio)
    rt_init_mem                              0x0800aa15   Thumb Code    26  rt_memory.o(i.rt_init_mem)
    rt_init_robin                            0x0800aa31   Thumb Code    14  rt_robin.o(i.rt_init_robin)
    rt_init_stack                            0x0800aa49   Thumb Code   118  hal_cm.o(i.rt_init_stack)
    rt_mbx_check                             0x0800aac9   Thumb Code     8  rt_mailbox.o(i.rt_mbx_check)
    rt_mbx_init                              0x0800aad1   Thumb Code    26  rt_mailbox.o(i.rt_mbx_init)
    rt_mbx_psh                               0x0800aaed   Thumb Code   236  rt_mailbox.o(i.rt_mbx_psh)
    rt_mbx_wait                              0x0800abdd   Thumb Code   174  rt_mailbox.o(i.rt_mbx_wait)
    rt_mut_init                              0x0800accd   Thumb Code    16  rt_mutex.o(i.rt_mut_init)
    rt_mut_release                           0x0800acdd   Thumb Code   208  rt_mutex.o(i.rt_mut_release)
    rt_mut_wait                              0x0800adb5   Thumb Code   100  rt_mutex.o(i.rt_mut_wait)
    rt_pop_req                               0x0800ae1d   Thumb Code   112  rt_system.o(i.rt_pop_req)
    rt_psh_req                               0x0800ae99   Thumb Code    22  rt_system.o(i.rt_psh_req)
    rt_psq_enq                               0x0800aeb9   Thumb Code    88  rt_list.o(i.rt_psq_enq)
    rt_put_dly                               0x0800af15   Thumb Code    68  rt_list.o(i.rt_put_dly)
    rt_put_prio                              0x0800af5d   Thumb Code    54  rt_list.o(i.rt_put_prio)
    rt_put_rdy_first                         0x0800af95   Thumb Code    14  rt_list.o(i.rt_put_rdy_first)
    rt_resort_prio                           0x0800afa9   Thumb Code    46  rt_list.o(i.rt_resort_prio)
    rt_ret_val                               0x0800afdd   Thumb Code     6  hal_cm.o(i.rt_ret_val)
    rt_ret_val2                              0x0800afe3   Thumb Code     8  hal_cm.o(i.rt_ret_val2)
    rt_rmv_dly                               0x0800afeb   Thumb Code    40  rt_list.o(i.rt_rmv_dly)
    rt_rmv_list                              0x0800b015   Thumb Code    44  rt_list.o(i.rt_rmv_list)
    rt_sem_init                              0x0800b045   Thumb Code    12  rt_semaphore.o(i.rt_sem_init)
    rt_sem_psh                               0x0800b051   Thumb Code    48  rt_semaphore.o(i.rt_sem_psh)
    rt_sem_send                              0x0800b085   Thumb Code    42  rt_semaphore.o(i.rt_sem_send)
    rt_sem_wait                              0x0800b0b1   Thumb Code    58  rt_semaphore.o(i.rt_sem_wait)
    rt_stk_check                             0x0800b0f1   Thumb Code    28  rt_system.o(i.rt_stk_check)
    rt_switch_req                            0x0800b115   Thumb Code    30  rt_task.o(i.rt_switch_req)
    rt_sys_init                              0x0800b13d   Thumb Code   138  rt_task.o(i.rt_sys_init)
    rt_sys_start                             0x0800b209   Thumb Code   110  rt_task.o(i.rt_sys_start)
    rt_systick                               0x0800b281   Thumb Code    50  rt_system.o(i.rt_systick)
    rt_tsk_create                            0x0800b345   Thumb Code   112  rt_task.o(i.rt_tsk_create)
    rt_tsk_delete                            0x0800b3c5   Thumb Code   342  rt_task.o(i.rt_tsk_delete)
    rt_tsk_pass                              0x0800b539   Thumb Code    38  rt_task.o(i.rt_tsk_pass)
    rt_tsk_prio                              0x0800b569   Thumb Code   108  rt_task.o(i.rt_tsk_prio)
    rt_tsk_self                              0x0800b5e5   Thumb Code    12  rt_task.o(i.rt_tsk_self)
    save_display_para_to_flash               0x0800b5f5   Thumb Code    72  http_server_cgi.o(i.save_display_para_to_flash)
    svcDelay                                 0x0800b859   Thumb Code    20  rt_cmsis.o(i.svcDelay)
    svcKernelInitialize                      0x0800b86d   Thumb Code    80  rt_cmsis.o(i.svcKernelInitialize)
    svcKernelStart                           0x0800b8dd   Thumb Code    62  rt_cmsis.o(i.svcKernelStart)
    svcMessageCreate                         0x0800b925   Thumb Code    36  rt_cmsis.o(i.svcMessageCreate)
    svcMessageGet                            0x0800b949   Thumb Code    58  rt_cmsis.o(i.svcMessageGet)
    svcMutexCreate                           0x0800b983   Thumb Code    28  rt_cmsis.o(i.svcMutexCreate)
    svcMutexRelease                          0x0800b99f   Thumb Code    34  rt_cmsis.o(i.svcMutexRelease)
    svcMutexWait                             0x0800b9c1   Thumb Code    54  rt_cmsis.o(i.svcMutexWait)
    svcSemaphoreCreate                       0x0800b9f7   Thumb Code    36  rt_cmsis.o(i.svcSemaphoreCreate)
    svcSemaphoreRelease                      0x0800ba1b   Thumb Code    40  rt_cmsis.o(i.svcSemaphoreRelease)
    svcSemaphoreWait                         0x0800ba43   Thumb Code    50  rt_cmsis.o(i.svcSemaphoreWait)
    svcSignalClear                           0x0800ba75   Thumb Code    36  rt_cmsis.o(i.svcSignalClear)
    svcSignalSet                             0x0800ba99   Thumb Code    36  rt_cmsis.o(i.svcSignalSet)
    svcSignalWait                            0x0800babd   Thumb Code    80  rt_cmsis.o(i.svcSignalWait)
    svcThreadCreate                          0x0800bb11   Thumb Code   100  rt_cmsis.o(i.svcThreadCreate)
    svcThreadGetId                           0x0800bb81   Thumb Code    22  rt_cmsis.o(i.svcThreadGetId)
    svcThreadTerminate                       0x0800bb9d   Thumb Code    50  rt_cmsis.o(i.svcThreadTerminate)
    svcThreadYield                           0x0800bbd5   Thumb Code    10  rt_cmsis.o(i.svcThreadYield)
    svcTimerCall                             0x0800bbdf   Thumb Code    24  rt_cmsis.o(i.svcTimerCall)
    svcTimerCreate                           0x0800bbf9   Thumb Code    52  rt_cmsis.o(i.svcTimerCreate)
    svcTimerStart                            0x0800bc31   Thumb Code    96  rt_cmsis.o(i.svcTimerStart)
    sysTimerTick                             0x0800bc95   Thumb Code    84  rt_cmsis.o(i.sysTimerTick)
    to_tm                                    0x0800c4ed   Thumb Code   194  rtc.o(i.to_tm)
    water_start                              0x0800c6a9   Thumb Code    34  water.o(i.water_start)
    water_stop                               0x0800c6d1   Thumb Code    12  water.o(i.water_stop)
    imageLastModified                        0x0800c6e0   Data           4  web.o(.constdata)
    os_thread_def_LED_Display                0x0800f8f4   Data          16  led_display.o(.constdata)
    os_maxtaskrun                            0x0800f934   Data           2  rtx_conf_cm.o(.constdata)
    os_stackinfo                             0x0800f938   Data           4  rtx_conf_cm.o(.constdata)
    os_rrobin                                0x0800f93c   Data           4  rtx_conf_cm.o(.constdata)
    os_tickfreq                              0x0800f940   Data           4  rtx_conf_cm.o(.constdata)
    os_tickus_i                              0x0800f944   Data           2  rtx_conf_cm.o(.constdata)
    os_tickus_f                              0x0800f946   Data           2  rtx_conf_cm.o(.constdata)
    os_trv                                   0x0800f948   Data           4  rtx_conf_cm.o(.constdata)
    os_flags                                 0x0800f94c   Data           1  rtx_conf_cm.o(.constdata)
    CMSIS_RTOS_API_Version                   0x0800f950   Data           4  rtx_conf_cm.o(.constdata)
    CMSIS_RTOS_RTX_Version                   0x0800f954   Data           4  rtx_conf_cm.o(.constdata)
    os_clockrate                             0x0800f958   Data           4  rtx_conf_cm.o(.constdata)
    os_timernum                              0x0800f95c   Data           4  rtx_conf_cm.o(.constdata)
    mp_tcb_size                              0x0800f960   Data           2  rtx_conf_cm.o(.constdata)
    mp_stk_size                              0x0800f964   Data           4  rtx_conf_cm.o(.constdata)
    os_stack_sz                              0x0800f968   Data           4  rtx_conf_cm.o(.constdata)
    os_fifo_size                             0x0800f96c   Data           1  rtx_conf_cm.o(.constdata)
    os_thread_def_osTimerThread              0x0800f970   Data          16  rtx_conf_cm.o(.constdata)
    os_messageQ_def_osTimerMessageQ          0x0800f980   Data           8  rtx_conf_cm.o(.constdata)
    mp_tmr_size                              0x0800f988   Data           2  rtx_conf_cm.o(.constdata)
    Driver_USART3                            0x0800f9d8   Data          56  usart_stm32f10x.o(.constdata)
    Driver_MODEM                             0x0800fa10   Data          28  modem_null.o(.constdata)
    os_mutex_def_net_lock                    0x0800fa3c   Data           4  net_config.o(.constdata)
    os_mutex_def_mem_lock                    0x0800fa40   Data           4  net_config.o(.constdata)
    net_sys_config                           0x0800fa44   Data          32  net_config.o(.constdata)
    os_semaphore_def_slip_lock               0x0800fa74   Data           4  net_config.o(.constdata)
    net_slip_config                          0x0800fa78   Data          40  net_config.o(.constdata)
    net_localm                               0x0800faa0   Data          12  net_config.o(.constdata)
    net_localm6                              0x0800faac   Data          12  net_config.o(.constdata)
    net_tcp_config                           0x0800fab8   Data          20  net_config.o(.constdata)
    net_http_config                          0x0800facc   Data          40  net_config.o(.constdata)
    net_sys_func                             0x0800faf4   Data          48  net_config.o(.constdata)
    net_ping_payload                         0x0800fc62   Data          18  net_ping.o(.constdata)
    os_timer_def_net_tick                    0x0800fc74   Data           8  net_sys.o(.constdata)
    net_addr4_bcast                          0x0800fd2a   Data           4  net_ip4.o(.constdata)
    net_addr4_loopback                       0x0800fd2e   Data           4  net_ip4.o(.constdata)
    net_http_error                           0x0800fd64   Data          24  net_http_server_err.o(.constdata)
    __ctype_table                            0x0800fd7c   Data         129  ctype_o.o(.constdata)
    Region$$Table$$Base                      0x080100e4   Number         0  anon$$obj.o(Region$$Table)
    Region$$Table$$Limit                     0x08010104   Number         0  anon$$obj.o(Region$$Table)
    water_time                               0x20000000   Data           3  main.o(.data)
    water_last_second                        0x20000004   Data           2  main.o(.data)
    water_flag                               0x20000006   Data           1  main.o(.data)
    LED_display_thread_id                    0x2000000c   Data           4  led_display.o(.data)
    now                                      0x20000010   Data           4  led_display.o(.data)
    osThreadId_osTimerThread                 0x20000044   Data           4  rtx_conf_cm.o(.data)
    osMessageQId_osTimerMessageQ             0x20000048   Data           4  rtx_conf_cm.o(.data)
    os_tmr                                   0x2000004c   Data           4  rtx_conf_cm.o(.data)
    m_tmr                                    0x20000050   Data           4  rtx_conf_cm.o(.data)
    os_thread_def_main                       0x20000054   Data          16  rtx_conf_cm.o(.data)
    os_initialized                           0x20000088   Data           1  rt_cmsis.o(.data)
    os_running                               0x20000089   Data           1  rt_cmsis.o(.data)
    os_timer_head                            0x2000008c   Data           4  rt_cmsis.o(.data)
    os_tsk                                   0x200000c0   Data           8  rt_task.o(.data)
    os_tick_irqn                             0x200000cc   Data           4  rt_system.o(.data)
    os_time                                  0x200000d0   Data           4  rt_time.o(.data)
    dbg_msg                                  0x200000d4   Data           1  hal_cm.o(.data)
    os_robin                                 0x200000e0   Data           8  rt_robin.o(.data)
    __stdout                                 0x200000ec   Data           4  stdout.o(.data)
    system_time                              0x200000f4   Data          28  main.o(.bss)
    mp_tcb                                   0x20000110   Data         688  rtx_conf_cm.o(.bss)
    mp_stk                                   0x200003c0   Data        4816  rtx_conf_cm.o(.bss)
    os_stack_mem                             0x20001690   Data        2840  rtx_conf_cm.o(.bss)
    os_fifo                                  0x200021a8   Data         132  rtx_conf_cm.o(.bss)
    os_active_TCB                            0x2000222c   Data          52  rtx_conf_cm.o(.bss)
    os_messageQ_q_osTimerMessageQ            0x20002260   Data          32  rtx_conf_cm.o(.bss)
    net_ping_control                         0x200054fc   Data          32  net_ping.o(.bss)
    net_sys_control                          0x2000551c   Data          48  net_sys.o(.bss)
    os_timer_cb_net_tick                     0x2000554c   Data          24  net_sys.o(.bss)
    os_idle_TCB                              0x20005564   Data          52  rt_task.o(.bss)
    os_rdy                                   0x20005598   Data          24  rt_list.o(.bss)
    os_dly                                   0x200055b0   Data          24  rt_list.o(.bss)
    __initial_sp                             0x20005b88   Data           0  startup_stm32f10x_hd.o(STACK)



==============================================================================

Memory Map of the image

  Image Entry point : 0x08000131

  Load Region LR_IROM1 (Base: 0x08000000, Size: 0x000101f8, Max: 0x00040000, ABSOLUTE)

    Execution Region ER_IROM1 (Base: 0x08000000, Size: 0x00010104, Max: 0x00040000, ABSOLUTE)

    Base Addr    Size         Type   Attr      Idx    E Section Name        Object

    0x08000000   0x00000130   Data   RO         2138    RESET               startup_stm32f10x_hd.o
    0x08000130   0x00000000   Code   RO         4179  * .ARM.Collect$$$$00000000  mc_w.l(entry.o)
    0x08000130   0x00000004   Code   RO         4473    .ARM.Collect$$$$00000001  mc_w.l(entry2.o)
    0x08000134   0x00000004   Code   RO         4476    .ARM.Collect$$$$00000004  mc_w.l(entry5.o)
    0x08000138   0x00000000   Code   RO         4478    .ARM.Collect$$$$00000008  mc_w.l(entry7b.o)
    0x08000138   0x00000000   Code   RO         4480    .ARM.Collect$$$$0000000A  mc_w.l(entry8b.o)
    0x08000138   0x00000000   Code   RO         4481    .ARM.Collect$$$$0000000D  mc_w.l(entry10a.o)
    0x08000138   0x00000000   Code   RO         4483    .ARM.Collect$$$$0000000F  mc_w.l(entry11a.o)
    0x08000138   0x00000018   Code   RO          663    .ARM.Collect$$$$000000FF  rtx_conf_cm.o
    0x08000150   0x00000004   Code   RO         4474    .ARM.Collect$$$$00002712  mc_w.l(entry2.o)
    0x08000154   0x00000008   Code   RO         3361    .emb_text           Net4_Dbg_CM3_L.lib(net_sys.o)
    0x0800015c   0x00000130   Code   RO         4166    .emb_text           RTX_CM3.lib(hal_cm3.o)
    0x0800028c   0x00000024   Code   RO         2139    .text               startup_stm32f10x_hd.o
    0x080002b0   0x00000062   Code   RO         4182    .text               mc_w.l(uldiv.o)
    0x08000312   0x00000024   Code   RO         4184    .text               mc_w.l(memcpya.o)
    0x08000336   0x00000024   Code   RO         4186    .text               mc_w.l(memseta.o)
    0x0800035a   0x0000000e   Code   RO         4188    .text               mc_w.l(strlen.o)
    0x08000368   0x0000001c   Code   RO         4190    .text               mc_w.l(strcmp.o)
    0x08000384   0x0000001a   Code   RO         4192    .text               mc_w.l(memcmp.o)
    0x0800039e   0x00000012   Code   RO         4194    .text               mc_w.l(strcpy.o)
    0x080003b0   0x0000001e   Code   RO         4196    .text               mc_w.l(strncmp.o)
    0x080003ce   0x00000002   PAD
    0x080003d0   0x00000044   Code   RO         4198    .text               mc_w.l(strtok.o)
    0x08000414   0x00000038   Code   RO         4467    .text               mc_w.l(__0sscanf.o)
    0x0800044c   0x0000014c   Code   RO         4469    .text               mc_w.l(_scanf_int.o)
    0x08000598   0x0000001a   Code   RO         4471    .text               mc_w.l(atoi.o)
    0x080005b2   0x0000002c   Code   RO         4486    .text               mc_w.l(uidiv.o)
    0x080005de   0x0000001e   Code   RO         4488    .text               mc_w.l(llshl.o)
    0x080005fc   0x00000020   Code   RO         4490    .text               mc_w.l(llushr.o)
    0x0800061c   0x0000001c   Code   RO         4499    .text               mc_w.l(_chval.o)
    0x08000638   0x00000028   Code   RO         4501    .text               mc_w.l(scanf_char.o)
    0x08000660   0x00000040   Code   RO         4503    .text               mc_w.l(_sgetc.o)
    0x080006a0   0x00000070   Code   RO         4505    .text               mc_w.l(strtol.o)
    0x08000710   0x00000000   Code   RO         4507    .text               mc_w.l(iusefp.o)
    0x08000710   0x0000014e   Code   RO         4508    .text               mf_w.l(dadd.o)
    0x0800085e   0x000000e4   Code   RO         4510    .text               mf_w.l(dmul.o)
    0x08000942   0x000000de   Code   RO         4512    .text               mf_w.l(ddiv.o)
    0x08000a20   0x00000030   Code   RO         4514    .text               mf_w.l(dfixul.o)
    0x08000a50   0x00000030   Code   RO         4516    .text               mf_w.l(cdrcmple.o)
    0x08000a80   0x00000024   Code   RO         4518    .text               mc_w.l(init.o)
    0x08000aa4   0x00000024   Code   RO         4520    .text               mc_w.l(llsshr.o)
    0x08000ac8   0x00000008   Code   RO         4524    .text               mc_w.l(ctype_o.o)
    0x08000ad0   0x00000012   Code   RO         4546    .text               mc_w.l(isspace_o.o)
    0x08000ae2   0x00000002   PAD
    0x08000ae4   0x0000032c   Code   RO         4552    .text               mc_w.l(_scanf.o)
    0x08000e10   0x0000009e   Code   RO         4554    .text               mc_w.l(_strtoul.o)
    0x08000eae   0x000000ba   Code   RO         4556    .text               mf_w.l(depilogue.o)
    0x08000f68   0x00000004   Code   RO         4176    SVC_TABLE           RTX_CM3.lib(svc_table.o)
    0x08000f6c   0x00000010   Code   RO          942    i.BKP_DeInit        stm32f10x_bkp.o
    0x08000f7c   0x0000001c   Code   RO          947    i.BKP_ReadBackupRegister  stm32f10x_bkp.o
    0x08000f98   0x0000001c   Code   RO          951    i.BKP_WriteBackupRegister  stm32f10x_bkp.o
    0x08000fb4   0x0000002c   Code   RO          612    i.Board_LED_GPIO_Config  board_led.o
    0x08000fe0   0x00000002   Code   RO         1890    i.DMA1_Channel1_Event  dma_stm32f10x.o
    0x08000fe2   0x00000002   PAD
    0x08000fe4   0x0000001c   Code   RO         1891    i.DMA1_Channel1_IRQHandler  dma_stm32f10x.o
    0x08001000   0x00000002   Code   RO         1892    i.DMA1_Channel2_Event  dma_stm32f10x.o
    0x08001002   0x00000002   PAD
    0x08001004   0x0000001c   Code   RO         1893    i.DMA1_Channel2_IRQHandler  dma_stm32f10x.o
    0x08001020   0x00000002   Code   RO         1894    i.DMA1_Channel3_Event  dma_stm32f10x.o
    0x08001022   0x00000002   PAD
    0x08001024   0x0000001c   Code   RO         1895    i.DMA1_Channel3_IRQHandler  dma_stm32f10x.o
    0x08001040   0x00000002   Code   RO         1896    i.DMA1_Channel4_Event  dma_stm32f10x.o
    0x08001042   0x00000002   PAD
    0x08001044   0x0000001c   Code   RO         1897    i.DMA1_Channel4_IRQHandler  dma_stm32f10x.o
    0x08001060   0x00000002   Code   RO         1898    i.DMA1_Channel5_Event  dma_stm32f10x.o
    0x08001062   0x00000002   PAD
    0x08001064   0x0000001c   Code   RO         1899    i.DMA1_Channel5_IRQHandler  dma_stm32f10x.o
    0x08001080   0x00000002   Code   RO         1900    i.DMA1_Channel6_Event  dma_stm32f10x.o
    0x08001082   0x00000002   PAD
    0x08001084   0x0000001c   Code   RO         1901    i.DMA1_Channel6_IRQHandler  dma_stm32f10x.o
    0x080010a0   0x00000002   Code   RO         1902    i.DMA1_Channel7_Event  dma_stm32f10x.o
    0x080010a2   0x00000002   PAD
    0x080010a4   0x0000001c   Code   RO         1903    i.DMA1_Channel7_IRQHandler  dma_stm32f10x.o
    0x080010c0   0x00000002   Code   RO         1904    i.DMA2_Channel1_Event  dma_stm32f10x.o
    0x080010c2   0x00000002   PAD
    0x080010c4   0x0000001c   Code   RO         1905    i.DMA2_Channel1_IRQHandler  dma_stm32f10x.o
    0x080010e0   0x00000002   Code   RO         1906    i.DMA2_Channel2_Event  dma_stm32f10x.o
    0x080010e2   0x00000002   PAD
    0x080010e4   0x00000020   Code   RO         1907    i.DMA2_Channel2_IRQHandler  dma_stm32f10x.o
    0x08001104   0x00000002   Code   RO         1908    i.DMA2_Channel3_Event  dma_stm32f10x.o
    0x08001106   0x00000002   PAD
    0x08001108   0x00000020   Code   RO         1909    i.DMA2_Channel3_IRQHandler  dma_stm32f10x.o
    0x08001128   0x00000038   Code   RO         1910    i.DMA2_Channel4_5_IRQHandler  dma_stm32f10x.o
    0x08001160   0x00000002   Code   RO         1911    i.DMA2_Channel4_Event  dma_stm32f10x.o
    0x08001162   0x00000002   Code   RO         1913    i.DMA2_Channel5_Event  dma_stm32f10x.o
    0x08001164   0x0000004c   Code   RO         2189    i.Dial              modem_null.o
    0x080011b0   0x00000040   Code   RO          541    i.ESP8266_GPIO_Config  esp8266.o
    0x080011f0   0x0000001c   Code   RO          542    i.ESP8266_init      esp8266.o
    0x0800120c   0x00000020   Code   RO          543    i.ESP8266_rst       esp8266.o
    0x0800122c   0x000000d8   Code   RO          227    i.FLASH_SPI_initialize  flash_spi.o
    0x08001304   0x00000058   Code   RO         2094    i.GPIO_AFConfigure  gpio_stm32f10x.o
    0x0800135c   0x00000098   Code   RO         2095    i.GPIO_GetPortClockState  gpio_stm32f10x.o
    0x080013f4   0x00000116   Code   RO         1036    i.GPIO_Init         stm32f10x_gpio.o
    0x0800150a   0x00000078   Code   RO         2096    i.GPIO_PinConfigure  gpio_stm32f10x.o
    0x08001582   0x00000002   PAD
    0x08001584   0x00000090   Code   RO         1038    i.GPIO_PinRemapConfig  stm32f10x_gpio.o
    0x08001614   0x0000013c   Code   RO         2097    i.GPIO_PortClock    gpio_stm32f10x.o
    0x08001750   0x00000004   Code   RO         1043    i.GPIO_ResetBits    stm32f10x_gpio.o
    0x08001754   0x00000004   Code   RO         1044    i.GPIO_SetBits      stm32f10x_gpio.o
    0x08001758   0x00000098   Code   RO          471    i.GregorianDay      rtc.o
    0x080017f0   0x0000002c   Code   RO         2190    i.Hangup            modem_null.o
    0x0800181c   0x0000001c   Code   RO         2191    i.Initialize        modem_null.o
    0x08001838   0x00000014   Code   RO         2192    i.IsOnline          modem_null.o
    0x0800184c   0x00000164   Code   RO          358    i.LED_Display       led_display.o
    0x080019b0   0x00000074   Code   RO          359    i.LED_display_init  led_display.o
    0x08001a24   0x00000018   Code   RO          360    i.LED_display_start  led_display.o
    0x08001a3c   0x00000038   Code   RO         2193    i.Listen            modem_null.o
    0x08001a74   0x00000070   Code   RO          892    i.NVIC_Init         misc.o
    0x08001ae4   0x00000094   Code   RO         2194    i.Notify            modem_null.o
    0x08001b78   0x0000000c   Code   RO         1156    i.PWR_BackupAccessCmd  stm32f10x_pwr.o
    0x08001b84   0x000000b4   Code   RO          405    i.Port_08_12_Comm_GPIO_Config  port_08_12.o
    0x08001c38   0x0000002c   Code   RO          406    i.Port_08_12_GPIO_Config  port_08_12.o
    0x08001c64   0x00000074   Code   RO          407    i.Port_08_1_GPIO_Config  port_08_12.o
    0x08001cd8   0x00000074   Code   RO          408    i.Port_08_2_GPIO_Config  port_08_12.o
    0x08001d4c   0x00000048   Code   RO          409    i.Port_12_1_GPIO_Config  port_08_12.o
    0x08001d94   0x00000048   Code   RO          410    i.Port_12_2_GPIO_Config  port_08_12.o
    0x08001ddc   0x00000044   Code   RO          411    i.Port_12_3_GPIO_Config  port_08_12.o
    0x08001e20   0x00000044   Code   RO          412    i.Port_12_4_GPIO_Config  port_08_12.o
    0x08001e64   0x00000020   Code   RO         1230    i.RCC_APB1PeriphClockCmd  stm32f10x_rcc.o
    0x08001e84   0x00000020   Code   RO         1232    i.RCC_APB2PeriphClockCmd  stm32f10x_rcc.o
    0x08001ea4   0x0000000c   Code   RO         1235    i.RCC_BackupResetCmd  stm32f10x_rcc.o
    0x08001eb0   0x00000014   Code   RO         1236    i.RCC_ClearFlag     stm32f10x_rcc.o
    0x08001ec4   0x000000d4   Code   RO         1240    i.RCC_GetClocksFreq  stm32f10x_rcc.o
    0x08001f98   0x0000003c   Code   RO         1241    i.RCC_GetFlagStatus  stm32f10x_rcc.o
    0x08001fd4   0x00000034   Code   RO         1248    i.RCC_LSEConfig     stm32f10x_rcc.o
    0x08002008   0x0000000c   Code   RO         1255    i.RCC_RTCCLKCmd     stm32f10x_rcc.o
    0x08002014   0x00000010   Code   RO         1256    i.RCC_RTCCLKConfig  stm32f10x_rcc.o
    0x08002024   0x00000026   Code   RO          472    i.RTC_AlarmSet      rtc.o
    0x0800204a   0x00000002   PAD
    0x0800204c   0x00000010   Code   RO         1441    i.RTC_ClearITPendingBit  stm32f10x_rtc.o
    0x0800205c   0x0000004c   Code   RO          473    i.RTC_Configuration  rtc.o
    0x080020a8   0x00000014   Code   RO         1442    i.RTC_EnterConfigMode  stm32f10x_rtc.o
    0x080020bc   0x00000014   Code   RO         1443    i.RTC_ExitConfigMode  stm32f10x_rtc.o
    0x080020d0   0x00000014   Code   RO         1444    i.RTC_GetCounter    stm32f10x_rtc.o
    0x080020e4   0x00000024   Code   RO         1447    i.RTC_GetITStatus   stm32f10x_rtc.o
    0x08002108   0x000000a4   Code   RO          474    i.RTC_IRQHandler    rtc.o
    0x080021ac   0x00000020   Code   RO         1448    i.RTC_ITConfig      stm32f10x_rtc.o
    0x080021cc   0x0000001c   Code   RO         1450    i.RTC_SetCounter    stm32f10x_rtc.o
    0x080021e8   0x00000020   Code   RO         1451    i.RTC_SetPrescaler  stm32f10x_rtc.o
    0x08002208   0x00000014   Code   RO         1452    i.RTC_WaitForLastTask  stm32f10x_rtc.o
    0x0800221c   0x00000024   Code   RO         1453    i.RTC_WaitForSynchro  stm32f10x_rtc.o
    0x08002240   0x00000034   Code   RO          475    i.RTC_check         rtc.o
    0x08002274   0x00000018   Code   RO         1547    i.SPI_Cmd           stm32f10x_spi.o
    0x0800228c   0x00000050   Code   RO          229    i.SPI_FLASH_BufferRead  flash_spi.o
    0x080022dc   0x00000122   Code   RO          230    i.SPI_FLASH_BufferWrite  flash_spi.o
    0x080023fe   0x00000002   PAD
    0x08002400   0x00000060   Code   RO          232    i.SPI_FLASH_PageWrite  flash_spi.o
    0x08002460   0x00000050   Code   RO          235    i.SPI_FLASH_ReadID  flash_spi.o
    0x080024b0   0x00000044   Code   RO          236    i.SPI_FLASH_SectorErase  flash_spi.o
    0x080024f4   0x00000074   Code   RO          237    i.SPI_FLASH_SendByte  flash_spi.o
    0x08002568   0x00000054   Code   RO          240    i.SPI_FLASH_WaitForWriteEnd  flash_spi.o
    0x080025bc   0x00000020   Code   RO          241    i.SPI_FLASH_WriteEnable  flash_spi.o
    0x080025dc   0x00000012   Code   RO         1555    i.SPI_I2S_GetFlagStatus  stm32f10x_spi.o
    0x080025ee   0x00000006   Code   RO         1558    i.SPI_I2S_ReceiveData  stm32f10x_spi.o
    0x080025f4   0x00000004   Code   RO         1559    i.SPI_I2S_SendData  stm32f10x_spi.o
    0x080025f8   0x0000003c   Code   RO         1560    i.SPI_Init          stm32f10x_spi.o
    0x08002634   0x00000034   Code   RO          244    i.SPI_TIMEOUT_UserCallback  flash_spi.o
    0x08002668   0x00000008   Code   RO         2146    i.SetSysClock       system_stm32f10x.o
    0x08002670   0x000000e0   Code   RO         2147    i.SetSysClockTo72   system_stm32f10x.o
    0x08002750   0x00000060   Code   RO         2149    i.SystemInit        system_stm32f10x.o
    0x080027b0   0x0000002a   Code   RO          476    i.Time_Adjust       rtc.o
    0x080027da   0x00000002   PAD
    0x080027dc   0x00000018   Code   RO          701    i.USART3_Control    usart_stm32f10x.o
    0x080027f4   0x00000010   Code   RO          702    i.USART3_GetCapabilities  usart_stm32f10x.o
    0x08002804   0x00000010   Code   RO          703    i.USART3_GetModemStatus  usart_stm32f10x.o
    0x08002814   0x00000010   Code   RO          704    i.USART3_GetRxCount  usart_stm32f10x.o
    0x08002824   0x00000010   Code   RO          705    i.USART3_GetStatus  usart_stm32f10x.o
    0x08002834   0x00000010   Code   RO          706    i.USART3_GetTxCount  usart_stm32f10x.o
    0x08002844   0x00000010   Code   RO          707    i.USART3_IRQHandler  usart_stm32f10x.o
    0x08002854   0x00000014   Code   RO          708    i.USART3_Initialize  usart_stm32f10x.o
    0x08002868   0x00000014   Code   RO          709    i.USART3_PowerControl  usart_stm32f10x.o
    0x0800287c   0x00000018   Code   RO          710    i.USART3_Receive    usart_stm32f10x.o
    0x08002894   0x00000018   Code   RO          711    i.USART3_Send       usart_stm32f10x.o
    0x080028ac   0x00000014   Code   RO          712    i.USART3_SetModemControl  usart_stm32f10x.o
    0x080028c0   0x0000001c   Code   RO          713    i.USART3_Transfer   usart_stm32f10x.o
    0x080028dc   0x00000010   Code   RO          714    i.USART3_Uninitialize  usart_stm32f10x.o
    0x080028ec   0x00000018   Code   RO         1702    i.USART_Cmd         stm32f10x_usart.o
    0x08002904   0x00000800   Code   RO          715    i.USART_Control     usart_stm32f10x.o
    0x08003104   0x00000006   Code   RO          716    i.USART_GetCapabilities  usart_stm32f10x.o
    0x0800310a   0x0000001a   Code   RO         1705    i.USART_GetFlagStatus  stm32f10x_usart.o
    0x08003124   0x0000005e   Code   RO          717    i.USART_GetModemStatus  usart_stm32f10x.o
    0x08003182   0x00000008   Code   RO          718    i.USART_GetRxCount  usart_stm32f10x.o
    0x0800318a   0x00000076   Code   RO          719    i.USART_GetStatus   usart_stm32f10x.o
    0x08003200   0x00000008   Code   RO          720    i.USART_GetTxCount  usart_stm32f10x.o
    0x08003208   0x0000025a   Code   RO          721    i.USART_IRQHandler  usart_stm32f10x.o
    0x08003462   0x00000002   PAD
    0x08003464   0x000000d8   Code   RO         1709    i.USART_Init        stm32f10x_usart.o
    0x0800353c   0x000000a2   Code   RO          722    i.USART_Initialize  usart_stm32f10x.o
    0x080035de   0x00000002   PAD
    0x080035e0   0x000003d8   Code   RO          723    i.USART_PowerControl  usart_stm32f10x.o
    0x080039b8   0x000000a2   Code   RO          724    i.USART_Receive     usart_stm32f10x.o
    0x08003a5a   0x00000088   Code   RO          725    i.USART_Send        usart_stm32f10x.o
    0x08003ae2   0x00000008   Code   RO         1719    i.USART_SendData    stm32f10x_usart.o
    0x08003aea   0x00000094   Code   RO          726    i.USART_SetModemControl  usart_stm32f10x.o
    0x08003b7e   0x0000006a   Code   RO          727    i.USART_Transfer    usart_stm32f10x.o
    0x08003be8   0x0000006c   Code   RO          728    i.USART_Uninitialize  usart_stm32f10x.o
    0x08003c54   0x0000008c   Code   RO          576    i.USARTx_Config     usartx.o
    0x08003ce0   0x00000010   Code   RO          729    i.USARTx_GetVersion  usart_stm32f10x.o
    0x08003cf0   0x0000000c   Code   RO         2195    i.Uninitialize      modem_null.o
    0x08003cfc   0x00000020   Code   RO         4413    i.__0printf$8       mc_w.l(printf8.o)
    0x08003d1c   0x00000028   Code   RO         4415    i.__0sprintf$8      mc_w.l(printf8.o)
    0x08003d44   0x00000010   Code   RO         4443    i.__0vprintf        mc_w.l(printfa.o)
    0x08003d54   0x00000008   Code   RO         4492    i.__aeabi_errno_addr  mc_w.l(errno.o)
    0x08003d5c   0x0000000e   Code   RO         4562    i.__scatterload_copy  mc_w.l(handlers.o)
    0x08003d6a   0x00000002   Code   RO         4563    i.__scatterload_null  mc_w.l(handlers.o)
    0x08003d6c   0x0000000e   Code   RO         4564    i.__scatterload_zeroinit  mc_w.l(handlers.o)
    0x08003d7a   0x00000002   PAD
    0x08003d7c   0x00000164   Code   RO         4446    i._fp_digits        mc_w.l(printfa.o)
    0x08003ee0   0x00000046   Code   RO         3850    i._init_box         RTX_CM3.lib(rt_membox.o)
    0x08003f26   0x00000002   PAD
    0x08003f28   0x00000410   Code   RO         4420    i._printf_core      mc_w.l(printf8.o)
    0x08004338   0x000006dc   Code   RO         4447    i._printf_core      mc_w.l(printfa.o)
    0x08004a14   0x00000024   Code   RO         4421    i._printf_post_padding  mc_w.l(printf8.o)
    0x08004a38   0x00000024   Code   RO         4448    i._printf_post_padding  mc_w.l(printfa.o)
    0x08004a5c   0x0000002e   Code   RO         4422    i._printf_pre_padding  mc_w.l(printf8.o)
    0x08004a8a   0x0000002e   Code   RO         4449    i._printf_pre_padding  mc_w.l(printfa.o)
    0x08004ab8   0x0000000a   Code   RO         4424    i._sputc            mc_w.l(printf8.o)
    0x08004ac2   0x00000002   PAD
    0x08004ac4   0x00000034   Code   RO         3229    i.add_server_id     Net4_Dbg_CM3_L.lib(net_http_server.o)
    0x08004af8   0x00000188   Code   RO         3230    i.chk_post_req      Net4_Dbg_CM3_L.lib(net_http_server.o)
    0x08004c80   0x0000001e   Code   RO         3231    i.cmp_fname_ext     Net4_Dbg_CM3_L.lib(net_http_server.o)
    0x08004c9e   0x00000028   Code   RO         3232    i.cmp_header        Net4_Dbg_CM3_L.lib(net_http_server.o)
    0x08004cc6   0x00000002   PAD
    0x08004cc8   0x0000002c   Code   RO         3995    i.com_notify        Net4_Dbg_CM3_L.lib(net_serial.o)
    0x08004cf4   0x00000024   Code   RO          149    i.crc32_8bit        web.o
    0x08004d18   0x00000030   Code   RO         3903    i.dbg_init          RTX_CM3.lib(hal_cm.o)
    0x08004d48   0x00000020   Code   RO         3904    i.dbg_task_notify   RTX_CM3.lib(hal_cm.o)
    0x08004d68   0x00000010   Code   RO         3905    i.dbg_task_switch   RTX_CM3.lib(hal_cm.o)
    0x08004d78   0x000000f4   Code   RO         3112    i.debug_inf2        Net4_Dbg_CM3_L.lib(net_tcp.o)
    0x08004e6c   0x00000038   Code   RO         3096    i.debug_info        Net4_Dbg_CM3_L.lib(net_loop.o)
    0x08004ea4   0x0000003c   Code   RO         3113    i.debug_info        Net4_Dbg_CM3_L.lib(net_tcp.o)
    0x08004ee0   0x000000d8   Code   RO         3951    i.debug_info        Net4_Dbg_CM3_L.lib(net_ip4.o)
    0x08004fb8   0x000000d0   Code   RO         3981    i.debug_info        Net4_Dbg_CM3_L.lib(net_icmp.o)
    0x08005088   0x00000024   Code   RO          578    i.fputc             usartx.o
    0x080050ac   0x00000028   Code   RO         3233    i.get_next_field    Net4_Dbg_CM3_L.lib(net_http_server.o)
    0x080050d4   0x00000032   Code   RO         3234    i.get_next_par      Net4_Dbg_CM3_L.lib(net_http_server.o)
    0x08005106   0x00000012   Code   RO         3235    i.hex2byte          Net4_Dbg_CM3_L.lib(net_http_server.o)
    0x08005118   0x0000033c   Code   RO         3236    i.http_add_header   Net4_Dbg_CM3_L.lib(net_http_server.o)
    0x08005454   0x000001b4   Code   RO         3237    i.http_error_msg    Net4_Dbg_CM3_L.lib(net_http_server.o)
    0x08005608   0x00000078   Code   RO         3238    i.http_get_ftype    Net4_Dbg_CM3_L.lib(net_http_server.o)
    0x08005680   0x0000005e   Code   RO         3239    i.http_kill_session  Net4_Dbg_CM3_L.lib(net_http_server.o)
    0x080056de   0x00000002   PAD
    0x080056e0   0x000003cc   Code   RO         3240    i.http_listener     Net4_Dbg_CM3_L.lib(net_http_server.o)
    0x08005aac   0x00000208   Code   RO         3241    i.http_open_file    Net4_Dbg_CM3_L.lib(net_http_server.o)
    0x08005cb4   0x000001a0   Code   RO         3242    i.http_proc_header  Net4_Dbg_CM3_L.lib(net_http_server.o)
    0x08005e54   0x00000230   Code   RO         3243    i.http_proc_multipart  Net4_Dbg_CM3_L.lib(net_http_server.o)
    0x08006084   0x000001d8   Code   RO         3244    i.http_proc_post    Net4_Dbg_CM3_L.lib(net_http_server.o)
    0x0800625c   0x00000584   Code   RO         3245    i.http_server_run   Net4_Dbg_CM3_L.lib(net_http_server.o)
    0x080067e0   0x00000060   Code   RO         3246    i.http_server_start  Net4_Dbg_CM3_L.lib(net_http_server.o)
    0x08006840   0x00000020   Code   RO         3247    i.http_strcpy       Net4_Dbg_CM3_L.lib(net_http_server.o)
    0x08006860   0x000000a4   Code   RO         3248    i.http_to_utc       Net4_Dbg_CM3_L.lib(net_http_server.o)
    0x08006904   0x00000064   Code   RO          150    i.imageFileInfo     web.o
    0x08006968   0x0000000a   Code   RO         3952    i.ip4_get_chksum    Net4_Dbg_CM3_L.lib(net_ip4.o)
    0x08006972   0x00000002   PAD
    0x08006974   0x00000090   Code   RO         3953    i.ip4_get_route     Net4_Dbg_CM3_L.lib(net_ip4.o)
    0x08006a04   0x00000034   Code   RO         4098    i.ip4_ntoa          Net4_Dbg_CM3_L.lib(net_addr.o)
    0x08006a38   0x0000002a   Code   RO         2438    i.isrMessageGet     RTX_CM3.lib(rt_cmsis.o)
    0x08006a62   0x0000002c   Code   RO         2439    i.isrMessagePut     RTX_CM3.lib(rt_cmsis.o)
    0x08006a8e   0x00000028   Code   RO         2440    i.isrSemaphoreRelease  RTX_CM3.lib(rt_cmsis.o)
    0x08006ab6   0x00000024   Code   RO         2441    i.isrSignalSet      RTX_CM3.lib(rt_cmsis.o)
    0x08006ada   0x00000002   PAD
    0x08006adc   0x00000028   Code   RO         3578    i.isr_evt_set       RTX_CM3.lib(rt_event.o)
    0x08006b04   0x00000052   Code   RO         3696    i.isr_mbx_receive   RTX_CM3.lib(rt_mailbox.o)
    0x08006b56   0x0000000e   Code   RO         3697    i.isr_mbx_send      RTX_CM3.lib(rt_mailbox.o)
    0x08006b64   0x00000010   Code   RO         3744    i.isr_sem_send      RTX_CM3.lib(rt_semaphore.o)
    0x08006b74   0x000000b0   Code   RO            4    i.main              main.o
    0x08006c24   0x00000010   Code   RO         4047    i.mem_lock          Net4_Dbg_CM3_L.lib(net_mem.o)
    0x08006c34   0x0000000c   Code   RO         4048    i.mem_unlock        Net4_Dbg_CM3_L.lib(net_mem.o)
    0x08006c40   0x00000080   Code   RO          477    i.mktimev           rtc.o
    0x08006cc0   0x00000050   Code   RO         4014    i.modem_request     Net4_Dbg_CM3_L.lib(net_modem_drv.o)
    0x08006d10   0x00000014   Code   RO         4015    i.modem_send_cmd    Net4_Dbg_CM3_L.lib(net_modem_drv.o)
    0x08006d24   0x00000004   Code   RO         3249    i.netCGI_Charset    Net4_Dbg_CM3_L.lib(net_http_server.o)
    0x08006d28   0x00000004   Code   RO         3250    i.netCGI_ContentType  Net4_Dbg_CM3_L.lib(net_http_server.o)
    0x08006d2c   0x0000006c   Code   RO         3251    i.netCGI_GetEnvVar  Net4_Dbg_CM3_L.lib(net_http_server.o)
    0x08006d98   0x000000f4   Code   RO          175    i.netCGI_ProcessData  http_server_cgi.o
    0x08006e8c   0x0000015c   Code   RO          176    i.netCGI_ProcessQuery  http_server_cgi.o
    0x08006fe8   0x00000004   Code   RO         3254    i.netCGI_Redirect   Net4_Dbg_CM3_L.lib(net_http_server.o)
    0x08006fec   0x000001b8   Code   RO          177    i.netCGI_Script     http_server_cgi.o
    0x080071a4   0x00000004   Code   RO         3256    i.netCGX_ContentType  Net4_Dbg_CM3_L.lib(net_http_server.o)
    0x080071a8   0x00000058   Code   RO         3362    i.netCore_Thread    Net4_Dbg_CM3_L.lib(net_sys.o)
    0x08007200   0x00000004   Code   RO         3257    i.netHTTPs_AcceptClient  Net4_Dbg_CM3_L.lib(net_http_server.o)
    0x08007204   0x00000004   Code   RO         3258    i.netHTTPs_CheckAccount  Net4_Dbg_CM3_L.lib(net_http_server.o)
    0x08007208   0x00000004   Code   RO         3259    i.netHTTPs_FileAccess  Net4_Dbg_CM3_L.lib(net_http_server.o)
    0x0800720c   0x0000000c   Code   RO         3268    i.netHTTPs_LoginActive  Net4_Dbg_CM3_L.lib(net_http_server.o)
    0x08007218   0x0000001c   Code   RO         3269    i.netHTTPs_LoginOnOff  Net4_Dbg_CM3_L.lib(net_http_server.o)
    0x08007234   0x00000002   Code   RO         2234    i.netHTTPs_fclose   net_config.o
    0x08007236   0x00000004   Code   RO         2235    i.netHTTPs_fgets    net_config.o
    0x0800723a   0x00000004   Code   RO         2236    i.netHTTPs_fopen    net_config.o
    0x0800723e   0x00000004   Code   RO         2237    i.netHTTPs_fread    net_config.o
    0x08007242   0x00000002   Code   RO         2238    i.netHTTPs_fstat    net_config.o
    0x08007244   0x00000114   Code   RO         3365    i.netInitialize     Net4_Dbg_CM3_L.lib(net_sys.o)
    0x08007358   0x00000048   Code   RO         3060    i.netSLIP_Listen    Net4_Dbg_CM3_L.lib(net_slip.o)
    0x080073a0   0x00000064   Code   RO         3061    i.netSLIP_Thread    Net4_Dbg_CM3_L.lib(net_slip.o)
    0x08007404   0x00000004   Code   RO         2240    i.netTLS_buf        net_config.o
    0x08007408   0x00000002   Code   RO         2241    i.netTLS_close      net_config.o
    0x0800740a   0x00000002   Code   RO         2242    i.netTLS_send       net_config.o
    0x0800740c   0x00000004   Code   RO         2243    i.netTLS_socket     net_config.o
    0x08007410   0x00000068   Code   RO         4104    i.net_addr4_aton    Net4_Dbg_CM3_L.lib(net_addr.o)
    0x08007478   0x0000001a   Code   RO         4105    i.net_addr4_is_subnet  Net4_Dbg_CM3_L.lib(net_addr.o)
    0x08007492   0x00000002   PAD
    0x08007494   0x0000000c   Code   RO         4106    i.net_addr4_ntoa    Net4_Dbg_CM3_L.lib(net_addr.o)
    0x080074a0   0x00000014   Code   RO         4112    i.net_addr_ntoa     Net4_Dbg_CM3_L.lib(net_addr.o)
    0x080074b4   0x0000007a   Code   RO         4070    i.net_b64_decode    Net4_Dbg_CM3_L.lib(net_common.o)
    0x0800752e   0x00000002   PAD
    0x08007530   0x00000024   Code   RO         3996    i.net_com_flush_buf  Net4_Dbg_CM3_L.lib(net_serial.o)
    0x08007554   0x00000070   Code   RO         3997    i.net_com_init      Net4_Dbg_CM3_L.lib(net_serial.o)
    0x080075c4   0x0000002c   Code   RO         3998    i.net_com_recv_char  Net4_Dbg_CM3_L.lib(net_serial.o)
    0x080075f0   0x00000034   Code   RO         3999    i.net_com_send_char  Net4_Dbg_CM3_L.lib(net_serial.o)
    0x08007624   0x0000001c   Code   RO         4000    i.net_com_tx_active  Net4_Dbg_CM3_L.lib(net_serial.o)
    0x08007640   0x0000009c   Code   RO         2401    i.net_dbg_error     net_debug.o
    0x080076dc   0x00000044   Code   RO         2402    i.net_dbg_info      net_debug.o
    0x08007720   0x00000010   Code   RO         3368    i.net_dbg_proc      Net4_Dbg_CM3_L.lib(net_sys.o)
    0x08007730   0x00000002   Code   RO         2403    i.net_debug_init    net_debug.o
    0x08007732   0x00000004   Code   RO         2246    i.net_eth_is_my_addr  net_config.o
    0x08007736   0x00000004   Code   RO         2247    i.net_eth_send_frame  net_config.o
    0x0800773a   0x00000002   PAD
    0x0800773c   0x00000118   Code   RO         3276    i.net_http_server_init  Net4_Dbg_CM3_L.lib(net_http_server.o)
    0x08007854   0x00000014   Code   RO         3277    i.net_http_server_run  Net4_Dbg_CM3_L.lib(net_http_server.o)
    0x08007868   0x0000026c   Code   RO         3982    i.net_icmp_process  Net4_Dbg_CM3_L.lib(net_icmp.o)
    0x08007ad4   0x00000084   Code   RO         3983    i.net_icmp_send_echo  Net4_Dbg_CM3_L.lib(net_icmp.o)
    0x08007b58   0x00000004   Code   RO         2250    i.net_igmp_is_member  net_config.o
    0x08007b5c   0x0000004c   Code   RO         3954    i.net_ip4_checksum  Net4_Dbg_CM3_L.lib(net_ip4.o)
    0x08007ba8   0x000001dc   Code   RO         3955    i.net_ip4_chk_frame  Net4_Dbg_CM3_L.lib(net_ip4.o)
    0x08007d84   0x00000032   Code   RO         3956    i.net_ip4_chksum_buf  Net4_Dbg_CM3_L.lib(net_ip4.o)
    0x08007db6   0x00000002   PAD
    0x08007db8   0x00000040   Code   RO         3957    i.net_ip4_get_local  Net4_Dbg_CM3_L.lib(net_ip4.o)
    0x08007df8   0x00000010   Code   RO         3958    i.net_ip4_init      Net4_Dbg_CM3_L.lib(net_ip4.o)
    0x08007e08   0x0000002c   Code   RO         3959    i.net_ip4_is_subcast  Net4_Dbg_CM3_L.lib(net_ip4.o)
    0x08007e34   0x00000188   Code   RO         3960    i.net_ip4_send_frame  Net4_Dbg_CM3_L.lib(net_ip4.o)
    0x08007fbc   0x00000034   Code   RO         3961    i.net_ip4_tx_offload  Net4_Dbg_CM3_L.lib(net_ip4.o)
    0x08007ff0   0x0000003c   Code   RO         3097    i.net_loop_iface_init  Net4_Dbg_CM3_L.lib(net_loop.o)
    0x0800802c   0x00000090   Code   RO         3098    i.net_loop_iface_run  Net4_Dbg_CM3_L.lib(net_loop.o)
    0x080080bc   0x0000008c   Code   RO         3099    i.net_loop_send_frame  Net4_Dbg_CM3_L.lib(net_loop.o)
    0x08008148   0x00000124   Code   RO         4049    i.net_mem_alloc     Net4_Dbg_CM3_L.lib(net_mem.o)
    0x0800826c   0x0000001c   Code   RO         4050    i.net_mem_avail     Net4_Dbg_CM3_L.lib(net_mem.o)
    0x08008288   0x000000ec   Code   RO         4051    i.net_mem_free      Net4_Dbg_CM3_L.lib(net_mem.o)
    0x08008374   0x000000b0   Code   RO         4052    i.net_mem_init      Net4_Dbg_CM3_L.lib(net_mem.o)
    0x08008424   0x00000060   Code   RO         4053    i.net_mem_shrink    Net4_Dbg_CM3_L.lib(net_mem.o)
    0x08008484   0x00000014   Code   RO         4017    i.net_modem_hangup  Net4_Dbg_CM3_L.lib(net_modem_drv.o)
    0x08008498   0x00000028   Code   RO         4018    i.net_modem_init    Net4_Dbg_CM3_L.lib(net_modem_drv.o)
    0x080084c0   0x0000001c   Code   RO         4019    i.net_modem_listen  Net4_Dbg_CM3_L.lib(net_modem_drv.o)
    0x080084dc   0x00000010   Code   RO         4020    i.net_modem_online  Net4_Dbg_CM3_L.lib(net_modem_drv.o)
    0x080084ec   0x00000088   Code   RO         4021    i.net_modem_process  Net4_Dbg_CM3_L.lib(net_modem_drv.o)
    0x08008574   0x00000050   Code   RO         4022    i.net_modem_run     Net4_Dbg_CM3_L.lib(net_modem_drv.o)
    0x080085c4   0x00000034   Code   RO         3370    i.net_path          Net4_Dbg_CM3_L.lib(net_sys.o)
    0x080085f8   0x00000028   Code   RO         3346    i.net_ping_client_init  Net4_Dbg_CM3_L.lib(net_ping.o)
    0x08008620   0x0000008c   Code   RO         3347    i.net_ping_client_run  Net4_Dbg_CM3_L.lib(net_ping.o)
    0x080086ac   0x00000004   Code   RO         2253    i.net_ppp_send_frame  net_config.o
    0x080086b0   0x0000001c   Code   RO         3371    i.net_rand32        Net4_Dbg_CM3_L.lib(net_sys.o)
    0x080086cc   0x000000d4   Code   RO         3063    i.net_slip_iface_init  Net4_Dbg_CM3_L.lib(net_slip.o)
    0x080087a0   0x000000ec   Code   RO         3064    i.net_slip_iface_run  Net4_Dbg_CM3_L.lib(net_slip.o)
    0x0800888c   0x000000bc   Code   RO         3065    i.net_slip_send_frame  Net4_Dbg_CM3_L.lib(net_slip.o)
    0x08008948   0x00000016   Code   RO         4075    i.net_strchr        Net4_Dbg_CM3_L.lib(net_common.o)
    0x0800895e   0x0000001a   Code   RO         4076    i.net_strcmp        Net4_Dbg_CM3_L.lib(net_common.o)
    0x08008978   0x00000012   Code   RO         4077    i.net_strcpy        Net4_Dbg_CM3_L.lib(net_common.o)
    0x0800898a   0x00000002   Code   RO         2255    i.net_sys_error     net_config.o
    0x0800898c   0x00000010   Code   RO         3372    i.net_sys_lock      Net4_Dbg_CM3_L.lib(net_sys.o)
    0x0800899c   0x00000014   Code   RO         3373    i.net_sys_tick      Net4_Dbg_CM3_L.lib(net_sys.o)
    0x080089b0   0x0000000c   Code   RO         3374    i.net_sys_unlock    Net4_Dbg_CM3_L.lib(net_sys.o)
    0x080089bc   0x00000020   Code   RO         3375    i.net_sys_wakeup    Net4_Dbg_CM3_L.lib(net_sys.o)
    0x080089dc   0x000000cc   Code   RO         3130    i.net_tcp_abort     Net4_Dbg_CM3_L.lib(net_tcp.o)
    0x08008aa8   0x00000140   Code   RO         3133    i.net_tcp_close     Net4_Dbg_CM3_L.lib(net_tcp.o)
    0x08008be8   0x00000044   Code   RO         3136    i.net_tcp_get_buf   Net4_Dbg_CM3_L.lib(net_tcp.o)
    0x08008c2c   0x00000028   Code   RO         3138    i.net_tcp_get_mss   Net4_Dbg_CM3_L.lib(net_tcp.o)
    0x08008c54   0x000000b8   Code   RO         3140    i.net_tcp_get_socket  Net4_Dbg_CM3_L.lib(net_tcp.o)
    0x08008d0c   0x0000002c   Code   RO         3141    i.net_tcp_get_state  Net4_Dbg_CM3_L.lib(net_tcp.o)
    0x08008d38   0x00000114   Code   RO         3143    i.net_tcp_listen    Net4_Dbg_CM3_L.lib(net_tcp.o)
    0x08008e4c   0x00000b14   Code   RO         3145    i.net_tcp_process   Net4_Dbg_CM3_L.lib(net_tcp.o)
    0x08009960   0x00000250   Code   RO         3149    i.net_tcp_send      Net4_Dbg_CM3_L.lib(net_tcp.o)
    0x08009bb0   0x000001f8   Code   RO         3150    i.net_tcp_set_option  Net4_Dbg_CM3_L.lib(net_tcp.o)
    0x08009da8   0x00000050   Code   RO         3151    i.net_tcp_socket_init  Net4_Dbg_CM3_L.lib(net_tcp.o)
    0x08009df8   0x000004a0   Code   RO         3152    i.net_tcp_socket_run  Net4_Dbg_CM3_L.lib(net_tcp.o)
    0x0800a298   0x00000002   Code   RO         2256    i.net_udp_process   net_config.o
    0x0800a29a   0x00000002   PAD
    0x0800a29c   0x00000018   Code   RO         2442    i.osDelay           RTX_CM3.lib(rt_cmsis.o)
    0x0800a2b4   0x00000024   Code   RO         2443    i.osKernelInitialize  RTX_CM3.lib(rt_cmsis.o)
    0x0800a2d8   0x0000006c   Code   RO         2445    i.osKernelStart     RTX_CM3.lib(rt_cmsis.o)
    0x0800a344   0x00000018   Code   RO         2454    i.osMessageGet      RTX_CM3.lib(rt_cmsis.o)
    0x0800a35c   0x00000030   Code   RO         2456    i.osMutexCreate     RTX_CM3.lib(rt_cmsis.o)
    0x0800a38c   0x00000018   Code   RO         2458    i.osMutexRelease    RTX_CM3.lib(rt_cmsis.o)
    0x0800a3a4   0x00000018   Code   RO         2459    i.osMutexWait       RTX_CM3.lib(rt_cmsis.o)
    0x0800a3bc   0x00000030   Code   RO         2464    i.osSemaphoreCreate  RTX_CM3.lib(rt_cmsis.o)
    0x0800a3ec   0x00000018   Code   RO         2466    i.osSemaphoreRelease  RTX_CM3.lib(rt_cmsis.o)
    0x0800a404   0x00000018   Code   RO         2467    i.osSemaphoreWait   RTX_CM3.lib(rt_cmsis.o)
    0x0800a41c   0x00000018   Code   RO         2468    i.osSignalClear     RTX_CM3.lib(rt_cmsis.o)
    0x0800a434   0x00000018   Code   RO         2469    i.osSignalSet       RTX_CM3.lib(rt_cmsis.o)
    0x0800a44c   0x00000018   Code   RO         2470    i.osSignalWait      RTX_CM3.lib(rt_cmsis.o)
    0x0800a464   0x00000030   Code   RO         2471    i.osThreadCreate    RTX_CM3.lib(rt_cmsis.o)
    0x0800a494   0x00000018   Code   RO         2472    i.osThreadExit      RTX_CM3.lib(rt_cmsis.o)
    0x0800a4ac   0x00000018   Code   RO         2477    i.osThreadYield     RTX_CM3.lib(rt_cmsis.o)
    0x0800a4c4   0x0000000c   Code   RO         2478    i.osTimerCall       RTX_CM3.lib(rt_cmsis.o)
    0x0800a4d0   0x00000034   Code   RO         2479    i.osTimerCreate     RTX_CM3.lib(rt_cmsis.o)
    0x0800a504   0x00000018   Code   RO         2481    i.osTimerStart      RTX_CM3.lib(rt_cmsis.o)
    0x0800a51c   0x0000002c   Code   RO         2483    i.osTimerThread     RTX_CM3.lib(rt_cmsis.o)
    0x0800a548   0x00000020   Code   RO          664    i.os_error          rtx_conf_cm.o
    0x0800a568   0x00000004   Code   RO          665    i.os_idle_demon     rtx_conf_cm.o
    0x0800a56c   0x00000028   Code   RO         3488    i.os_tick_init      RTX_CM3.lib(rt_system.o)
    0x0800a594   0x00000002   Code   RO         3489    i.os_tick_irqack    RTX_CM3.lib(rt_system.o)
    0x0800a596   0x00000002   PAD
    0x0800a598   0x00000010   Code   RO         3348    i.ping_send_req     Net4_Dbg_CM3_L.lib(net_ping.o)
    0x0800a5a8   0x0000002c   Code   RO         3279    i.proc_req_line     Net4_Dbg_CM3_L.lib(net_http_server.o)
    0x0800a5d4   0x00000018   Code   RO         3067    i.que_add_tail      Net4_Dbg_CM3_L.lib(net_slip.o)
    0x0800a5ec   0x0000000a   Code   RO         3068    i.que_get_first     Net4_Dbg_CM3_L.lib(net_slip.o)
    0x0800a5f6   0x000000a0   Code   RO         3280    i.read_script_line  Net4_Dbg_CM3_L.lib(net_http_server.o)
    0x0800a696   0x0000001a   Code   RO         3851    i.rt_alloc_box      RTX_CM3.lib(rt_membox.o)
    0x0800a6b0   0x0000003e   Code   RO         3879    i.rt_alloc_mem      RTX_CM3.lib(rt_memory.o)
    0x0800a6ee   0x00000002   PAD
    0x0800a6f0   0x00000038   Code   RO         3403    i.rt_block          RTX_CM3.lib(rt_task.o)
    0x0800a728   0x00000048   Code   RO         4145    i.rt_chk_robin      RTX_CM3.lib(rt_robin.o)
    0x0800a770   0x00000070   Code   RO         3620    i.rt_dec_dly        RTX_CM3.lib(rt_list.o)
    0x0800a7e0   0x00000044   Code   RO         3404    i.rt_dispatch       RTX_CM3.lib(rt_task.o)
    0x0800a824   0x00000006   Code   RO         3786    i.rt_dly_wait       RTX_CM3.lib(rt_time.o)
    0x0800a82a   0x00000002   PAD
    0x0800a82c   0x0000001c   Code   RO         3579    i.rt_evt_clr        RTX_CM3.lib(rt_event.o)
    0x0800a848   0x00000050   Code   RO         3581    i.rt_evt_psh        RTX_CM3.lib(rt_event.o)
    0x0800a898   0x0000005c   Code   RO         3582    i.rt_evt_set        RTX_CM3.lib(rt_event.o)
    0x0800a8f4   0x0000003c   Code   RO         3583    i.rt_evt_wait       RTX_CM3.lib(rt_event.o)
    0x0800a930   0x00000020   Code   RO         3852    i.rt_free_box       RTX_CM3.lib(rt_membox.o)
    0x0800a950   0x00000028   Code   RO         3880    i.rt_free_mem       RTX_CM3.lib(rt_memory.o)
    0x0800a978   0x00000028   Code   RO         3621    i.rt_get_first      RTX_CM3.lib(rt_list.o)
    0x0800a9a0   0x00000024   Code   RO         3622    i.rt_get_same_rdy_prio  RTX_CM3.lib(rt_list.o)
    0x0800a9c4   0x00000008   Code   RO         2488    i.rt_id2obj         RTX_CM3.lib(rt_cmsis.o)
    0x0800a9cc   0x00000048   Code   RO         3405    i.rt_init_context   RTX_CM3.lib(rt_task.o)
    0x0800aa14   0x0000001a   Code   RO         3881    i.rt_init_mem       RTX_CM3.lib(rt_memory.o)
    0x0800aa2e   0x00000002   PAD
    0x0800aa30   0x00000018   Code   RO         4146    i.rt_init_robin     RTX_CM3.lib(rt_robin.o)
    0x0800aa48   0x00000080   Code   RO         3906    i.rt_init_stack     RTX_CM3.lib(hal_cm.o)
    0x0800aac8   0x00000008   Code   RO         3698    i.rt_mbx_check      RTX_CM3.lib(rt_mailbox.o)
    0x0800aad0   0x0000001a   Code   RO         3699    i.rt_mbx_init       RTX_CM3.lib(rt_mailbox.o)
    0x0800aaea   0x00000002   PAD
    0x0800aaec   0x000000f0   Code   RO         3700    i.rt_mbx_psh        RTX_CM3.lib(rt_mailbox.o)
    0x0800abdc   0x000000b4   Code   RO         3702    i.rt_mbx_wait       RTX_CM3.lib(rt_mailbox.o)
    0x0800ac90   0x0000003c   Code   RO         2489    i.rt_ms2tick        RTX_CM3.lib(rt_cmsis.o)
    0x0800accc   0x00000010   Code   RO         3820    i.rt_mut_init       RTX_CM3.lib(rt_mutex.o)
    0x0800acdc   0x000000d8   Code   RO         3821    i.rt_mut_release    RTX_CM3.lib(rt_mutex.o)
    0x0800adb4   0x00000068   Code   RO         3822    i.rt_mut_wait       RTX_CM3.lib(rt_mutex.o)
    0x0800ae1c   0x0000007c   Code   RO         3492    i.rt_pop_req        RTX_CM3.lib(rt_system.o)
    0x0800ae98   0x00000020   Code   RO         3493    i.rt_psh_req        RTX_CM3.lib(rt_system.o)
    0x0800aeb8   0x0000005c   Code   RO         3623    i.rt_psq_enq        RTX_CM3.lib(rt_list.o)
    0x0800af14   0x00000048   Code   RO         3624    i.rt_put_dly        RTX_CM3.lib(rt_list.o)
    0x0800af5c   0x00000036   Code   RO         3625    i.rt_put_prio       RTX_CM3.lib(rt_list.o)
    0x0800af92   0x00000002   PAD
    0x0800af94   0x00000014   Code   RO         3626    i.rt_put_rdy_first  RTX_CM3.lib(rt_list.o)
    0x0800afa8   0x00000034   Code   RO         3627    i.rt_resort_prio    RTX_CM3.lib(rt_list.o)
    0x0800afdc   0x00000006   Code   RO         3907    i.rt_ret_val        RTX_CM3.lib(hal_cm.o)
    0x0800afe2   0x00000008   Code   RO         3908    i.rt_ret_val2       RTX_CM3.lib(hal_cm.o)
    0x0800afea   0x00000028   Code   RO         3628    i.rt_rmv_dly        RTX_CM3.lib(rt_list.o)
    0x0800b012   0x00000002   PAD
    0x0800b014   0x00000030   Code   RO         3629    i.rt_rmv_list       RTX_CM3.lib(rt_list.o)
    0x0800b044   0x0000000c   Code   RO         3746    i.rt_sem_init       RTX_CM3.lib(rt_semaphore.o)
    0x0800b050   0x00000034   Code   RO         3747    i.rt_sem_psh        RTX_CM3.lib(rt_semaphore.o)
    0x0800b084   0x0000002a   Code   RO         3748    i.rt_sem_send       RTX_CM3.lib(rt_semaphore.o)
    0x0800b0ae   0x00000002   PAD
    0x0800b0b0   0x00000040   Code   RO         3749    i.rt_sem_wait       RTX_CM3.lib(rt_semaphore.o)
    0x0800b0f0   0x00000024   Code   RO         3495    i.rt_stk_check      RTX_CM3.lib(rt_system.o)
    0x0800b114   0x00000028   Code   RO         3406    i.rt_switch_req     RTX_CM3.lib(rt_task.o)
    0x0800b13c   0x000000cc   Code   RO         3407    i.rt_sys_init       RTX_CM3.lib(rt_task.o)
    0x0800b208   0x00000078   Code   RO         3408    i.rt_sys_start      RTX_CM3.lib(rt_task.o)
    0x0800b280   0x00000040   Code   RO         3497    i.rt_systick        RTX_CM3.lib(rt_system.o)
    0x0800b2c0   0x00000012   Code   RO         2490    i.rt_tid2ptcb       RTX_CM3.lib(rt_cmsis.o)
    0x0800b2d2   0x00000002   PAD
    0x0800b2d4   0x00000034   Code   RO         2491    i.rt_timer_insert   RTX_CM3.lib(rt_cmsis.o)
    0x0800b308   0x0000003c   Code   RO         2492    i.rt_timer_remove   RTX_CM3.lib(rt_cmsis.o)
    0x0800b344   0x00000080   Code   RO         3409    i.rt_tsk_create     RTX_CM3.lib(rt_task.o)
    0x0800b3c4   0x00000174   Code   RO         3410    i.rt_tsk_delete     RTX_CM3.lib(rt_task.o)
    0x0800b538   0x00000030   Code   RO         3411    i.rt_tsk_pass       RTX_CM3.lib(rt_task.o)
    0x0800b568   0x0000007c   Code   RO         3412    i.rt_tsk_prio       RTX_CM3.lib(rt_task.o)
    0x0800b5e4   0x00000010   Code   RO         3413    i.rt_tsk_self       RTX_CM3.lib(rt_task.o)
    0x0800b5f4   0x00000050   Code   RO          178    i.save_display_para_to_flash  http_server_cgi.o
    0x0800b644   0x00000048   Code   RO         3281    i.search_delim      Net4_Dbg_CM3_L.lib(net_http_server.o)
    0x0800b68c   0x00000010   Code   RO         3069    i.slip_lock         Net4_Dbg_CM3_L.lib(net_slip.o)
    0x0800b69c   0x000000e8   Code   RO         3070    i.slip_receive      Net4_Dbg_CM3_L.lib(net_slip.o)
    0x0800b784   0x000000c8   Code   RO         3071    i.slip_transmit     Net4_Dbg_CM3_L.lib(net_slip.o)
    0x0800b84c   0x0000000c   Code   RO         3072    i.slip_unlock       Net4_Dbg_CM3_L.lib(net_slip.o)
    0x0800b858   0x00000014   Code   RO         2493    i.svcDelay          RTX_CM3.lib(rt_cmsis.o)
    0x0800b86c   0x00000070   Code   RO         2494    i.svcKernelInitialize  RTX_CM3.lib(rt_cmsis.o)
    0x0800b8dc   0x00000048   Code   RO         2496    i.svcKernelStart    RTX_CM3.lib(rt_cmsis.o)
    0x0800b924   0x00000024   Code   RO         2499    i.svcMessageCreate  RTX_CM3.lib(rt_cmsis.o)
    0x0800b948   0x0000003a   Code   RO         2500    i.svcMessageGet     RTX_CM3.lib(rt_cmsis.o)
    0x0800b982   0x0000001c   Code   RO         2502    i.svcMutexCreate    RTX_CM3.lib(rt_cmsis.o)
    0x0800b99e   0x00000022   Code   RO         2504    i.svcMutexRelease   RTX_CM3.lib(rt_cmsis.o)
    0x0800b9c0   0x00000036   Code   RO         2505    i.svcMutexWait      RTX_CM3.lib(rt_cmsis.o)
    0x0800b9f6   0x00000024   Code   RO         2507    i.svcSemaphoreCreate  RTX_CM3.lib(rt_cmsis.o)
    0x0800ba1a   0x00000028   Code   RO         2509    i.svcSemaphoreRelease  RTX_CM3.lib(rt_cmsis.o)
    0x0800ba42   0x00000032   Code   RO         2510    i.svcSemaphoreWait  RTX_CM3.lib(rt_cmsis.o)
    0x0800ba74   0x00000024   Code   RO         2511    i.svcSignalClear    RTX_CM3.lib(rt_cmsis.o)
    0x0800ba98   0x00000024   Code   RO         2512    i.svcSignalSet      RTX_CM3.lib(rt_cmsis.o)
    0x0800babc   0x00000054   Code   RO         2513    i.svcSignalWait     RTX_CM3.lib(rt_cmsis.o)
    0x0800bb10   0x00000070   Code   RO         2514    i.svcThreadCreate   RTX_CM3.lib(rt_cmsis.o)
    0x0800bb80   0x0000001c   Code   RO         2515    i.svcThreadGetId    RTX_CM3.lib(rt_cmsis.o)
    0x0800bb9c   0x00000038   Code   RO         2518    i.svcThreadTerminate  RTX_CM3.lib(rt_cmsis.o)
    0x0800bbd4   0x0000000a   Code   RO         2519    i.svcThreadYield    RTX_CM3.lib(rt_cmsis.o)
    0x0800bbde   0x00000018   Code   RO         2520    i.svcTimerCall      RTX_CM3.lib(rt_cmsis.o)
    0x0800bbf6   0x00000002   PAD
    0x0800bbf8   0x00000038   Code   RO         2521    i.svcTimerCreate    RTX_CM3.lib(rt_cmsis.o)
    0x0800bc30   0x00000064   Code   RO         2523    i.svcTimerStart     RTX_CM3.lib(rt_cmsis.o)
    0x0800bc94   0x0000005c   Code   RO         2529    i.sysTimerTick      RTX_CM3.lib(rt_cmsis.o)
    0x0800bcf0   0x0000004c   Code   RO         3376    i.sys_proc_tick     Net4_Dbg_CM3_L.lib(net_sys.o)
    0x0800bd3c   0x0000010c   Code   RO         3153    i.tcp_map_socket    Net4_Dbg_CM3_L.lib(net_tcp.o)
    0x0800be48   0x000000a8   Code   RO         3154    i.tcp_parse_opt     Net4_Dbg_CM3_L.lib(net_tcp.o)
    0x0800bef0   0x0000010c   Code   RO         3155    i.tcp_proc_acknr    Net4_Dbg_CM3_L.lib(net_tcp.o)
    0x0800bffc   0x000000cc   Code   RO         3156    i.tcp_proc_dupack   Net4_Dbg_CM3_L.lib(net_tcp.o)
    0x0800c0c8   0x0000001a   Code   RO         3157    i.tcp_que_free      Net4_Dbg_CM3_L.lib(net_tcp.o)
    0x0800c0e2   0x0000001a   Code   RO         3158    i.tcp_que_init      Net4_Dbg_CM3_L.lib(net_tcp.o)
    0x0800c0fc   0x000000dc   Code   RO         3159    i.tcp_que_resend    Net4_Dbg_CM3_L.lib(net_tcp.o)
    0x0800c1d8   0x0000009c   Code   RO         3160    i.tcp_send_ctrl     Net4_Dbg_CM3_L.lib(net_tcp.o)
    0x0800c274   0x00000088   Code   RO         3161    i.tcp_send_data     Net4_Dbg_CM3_L.lib(net_tcp.o)
    0x0800c2fc   0x00000084   Code   RO         3162    i.tcp_send_reset    Net4_Dbg_CM3_L.lib(net_tcp.o)
    0x0800c380   0x00000044   Code   RO         3163    i.tcp_set_cwnd      Net4_Dbg_CM3_L.lib(net_tcp.o)
    0x0800c3c4   0x00000068   Code   RO         3164    i.tcp_transit       Net4_Dbg_CM3_L.lib(net_tcp.o)
    0x0800c42c   0x000000c0   Code   RO         3165    i.tcp_write         Net4_Dbg_CM3_L.lib(net_tcp.o)
    0x0800c4ec   0x000000cc   Code   RO          478    i.to_tm             rtc.o
    0x0800c5b8   0x000000f0   Code   RO         3282    i.utc_to_http       Net4_Dbg_CM3_L.lib(net_http_server.o)
    0x0800c6a8   0x00000028   Code   RO          636    i.water_start       water.o
    0x0800c6d0   0x00000010   Code   RO          637    i.water_stop        water.o
    0x0800c6e0   0x00003214   Data   RO          151    .constdata          web.o
    0x0800f8f4   0x00000010   Data   RO          361    .constdata          led_display.o
    0x0800f904   0x00000030   Data   RO          479    .constdata          rtc.o
    0x0800f934   0x00000056   Data   RO          667    .constdata          rtx_conf_cm.o
    0x0800f98a   0x00000002   PAD
    0x0800f98c   0x00000084   Data   RO          731    .constdata          usart_stm32f10x.o
    0x0800fa10   0x0000001c   Data   RO         2196    .constdata          modem_null.o
    0x0800fa2c   0x000000f8   Data   RO         2258    .constdata          net_config.o
    0x0800fb24   0x00000044   Data   RO         3166    .constdata          Net4_Dbg_CM3_L.lib(net_tcp.o)
    0x0800fb68   0x000000fa   Data   RO         3283    .constdata          Net4_Dbg_CM3_L.lib(net_http_server.o)
    0x0800fc62   0x00000012   Data   RO         3350    .constdata          Net4_Dbg_CM3_L.lib(net_ping.o)
    0x0800fc74   0x000000b6   Data   RO         3379    .constdata          Net4_Dbg_CM3_L.lib(net_sys.o)
    0x0800fd2a   0x00000020   Data   RO         3962    .constdata          Net4_Dbg_CM3_L.lib(net_ip4.o)
    0x0800fd4a   0x00000002   PAD
    0x0800fd4c   0x00000018   Data   RO         3984    .constdata          Net4_Dbg_CM3_L.lib(net_icmp.o)
    0x0800fd64   0x00000018   Data   RO         4039    .constdata          Net4_Dbg_CM3_L.lib(net_http_server_err.o)
    0x0800fd7c   0x00000081   Data   RO         4525    .constdata          mc_w.l(ctype_o.o)
    0x0800fdfd   0x00000003   PAD
    0x0800fe00   0x00000004   Data   RO         4526    .constdata          mc_w.l(ctype_o.o)
    0x0800fe04   0x00000029   Data   RO         2259    .conststring        net_config.o
    0x0800fe2d   0x00000003   PAD
    0x0800fe30   0x0000006d   Data   RO         3167    .conststring        Net4_Dbg_CM3_L.lib(net_tcp.o)
    0x0800fe9d   0x00000003   PAD
    0x0800fea0   0x00000043   Data   RO         3985    .conststring        Net4_Dbg_CM3_L.lib(net_icmp.o)
    0x0800fee3   0x00000001   PAD
    0x0800fee4   0x000001ff   Data   RO         4040    .conststring        Net4_Dbg_CM3_L.lib(net_http_server_err.o)
    0x080100e3   0x00000001   PAD
    0x080100e4   0x00000020   Data   RO         4561    Region$$Table       anon$$obj.o


    Execution Region RW_IRAM1 (Base: 0x20000000, Size: 0x00005b88, Max: 0x0000c000, ABSOLUTE)

    Base Addr    Size         Type   Attr      Idx    E Section Name        Object

    0x20000000   0x00000007   Data   RW            6    .data               main.o
    0x20000007   0x00000001   PAD
    0x20000008   0x00000004   Data   RW          246    .data               flash_spi.o
    0x2000000c   0x00000008   Data   RW          362    .data               led_display.o
    0x20000014   0x00000030   Data   RW          480    .data               rtc.o
    0x20000044   0x00000020   Data   RW          668    .data               rtx_conf_cm.o
    0x20000064   0x00000014   Data   RW         1260    .data               stm32f10x_rcc.o
    0x20000078   0x00000008   Data   RW         2197    .data               modem_null.o
    0x20000080   0x00000008   Data   RW         2260    .data               net_config.o
    0x20000088   0x00000008   Data   RW         2532    .data               RTX_CM3.lib(rt_cmsis.o)
    0x20000090   0x00000008   Data   RW         3100    .data               Net4_Dbg_CM3_L.lib(net_loop.o)
    0x20000098   0x00000004   Data   RW         3168    .data               Net4_Dbg_CM3_L.lib(net_tcp.o)
    0x2000009c   0x00000010   Data   RW         3284    .data               Net4_Dbg_CM3_L.lib(net_http_server.o)
    0x200000ac   0x00000014   Data   RW         3380    .data               Net4_Dbg_CM3_L.lib(net_sys.o)
    0x200000c0   0x00000008   Data   RW         3415    .data               RTX_CM3.lib(rt_task.o)
    0x200000c8   0x00000008   Data   RW         3500    .data               RTX_CM3.lib(rt_system.o)
    0x200000d0   0x00000004   Data   RW         3790    .data               RTX_CM3.lib(rt_time.o)
    0x200000d4   0x00000001   Data   RW         3909    .data               RTX_CM3.lib(hal_cm.o)
    0x200000d5   0x00000003   PAD
    0x200000d8   0x00000008   Data   RW         3963    .data               Net4_Dbg_CM3_L.lib(net_ip4.o)
    0x200000e0   0x00000008   Data   RW         4147    .data               RTX_CM3.lib(rt_robin.o)
    0x200000e8   0x00000004   Data   RW         4199    .data               mc_w.l(strtok.o)
    0x200000ec   0x00000004   Data   RW         4485    .data               mc_w.l(stdout.o)
    0x200000f0   0x00000004   Data   RW         4495    .data               mc_w.l(errno.o)
    0x200000f4   0x0000001c   Zero   RW            5    .bss                main.o
    0x20000110   0x00002170   Zero   RW          666    .bss                rtx_conf_cm.o
    0x20002280   0x00000038   Zero   RW          730    .bss                usart_stm32f10x.o
    0x200022b8   0x0000322c   Zero   RW         2257    .bss                net_config.o
    0x200054e4   0x00000018   Zero   RW         3073    .bss                Net4_Dbg_CM3_L.lib(net_slip.o)
    0x200054fc   0x00000020   Zero   RW         3349    .bss                Net4_Dbg_CM3_L.lib(net_ping.o)
    0x2000551c   0x00000030   Zero   RW         3377    .bss                Net4_Dbg_CM3_L.lib(net_sys.o)
    0x2000554c   0x00000018   Zero   RW         3378    .bss                Net4_Dbg_CM3_L.lib(net_sys.o)
    0x20005564   0x00000034   Zero   RW         3414    .bss                RTX_CM3.lib(rt_task.o)
    0x20005598   0x00000030   Zero   RW         3630    .bss                RTX_CM3.lib(rt_list.o)
    0x200055c8   0x0000014c   Zero   RW         4001    .bss                Net4_Dbg_CM3_L.lib(net_serial.o)
    0x20005714   0x0000003c   Zero   RW         4023    .bss                Net4_Dbg_CM3_L.lib(net_modem_drv.o)
    0x20005750   0x00000014   Zero   RW         4054    .bss                Net4_Dbg_CM3_L.lib(net_mem.o)
    0x20005764   0x00000022   Zero   RW         4114    .bss                Net4_Dbg_CM3_L.lib(net_addr.o)
    0x20005786   0x00000002   PAD
    0x20005788   0x00000400   Zero   RW         2136    STACK               startup_stm32f10x_hd.o


==============================================================================

Image component sizes


      Code (inc. data)   RO Data    RW Data    ZI Data      Debug   Object Name

        44          4          0          0          0        456   board_led.o
       368         50          0          0          0      11951   dma_stm32f10x.o
       124         14          0          0          0       1221   esp8266.o
      1114        106          0          4          0       6172   flash_spi.o
       676         76          0          0          0       6173   gpio_stm32f10x.o
      1112        206          0          0          0       3757   http_server_cgi.o
       496         46         16          8          0       2388   led_display.o
       176         44          0          7         28     275940   main.o
       112         12          0          0          0       1140   misc.o
       384         94         28          8          0       4539   modem_null.o
        48          0        289          8      12844      18574   net_config.o
       226         60          0          0          0       3444   net_debug.o
       736         52          0          0          0       3895   port_08_12.o
       856         38         48         48          0       4635   rtc.o
        60          6         86         32       8560       7392   rtx_conf_cm.o
        36          8        304          0       1024        784   startup_stm32f10x_hd.o
        72         10          0          0          0       2864   stm32f10x_bkp.o
       430          6          0          0          0       4062   stm32f10x_gpio.o
        12          6          0          0          0        546   stm32f10x_pwr.o
       448         64          0         20          0       7990   stm32f10x_rcc.o
       260         48          0          0          0       5472   stm32f10x_rtc.o
       112          0          0          0          0       4062   stm32f10x_spi.o
       274          6          0          0          0       4200   stm32f10x_usart.o
       328         28          0          0          0       1861   system_stm32f10x.o
      4978        152        132          0         56      51774   usart_stm32f10x.o
       176         12          0          0          0       1036   usartx.o
        56         10          0          0          0        819   water.o
       136          8      12820          0          0       1744   web.o

    ----------------------------------------------------------------------
     13886       1166      13760        136      22512     438891   Object Totals
         0          0         32          0          0          0   (incl. Generated)
        36          0          5          1          0          0   (incl. Padding)

    ----------------------------------------------------------------------

      Code (inc. data)   RO Data    RW Data    ZI Data      Debug   Library Member Name

       214         52          0          0         34        364   net_addr.o
       188          0          0          0          0        288   net_common.o
      7736       2574        250         16          0       2784   net_http_server.o
         0          0        535          0          0          0   net_http_server_err.o
       960        438         91          0          0        248   net_icmp.o
      1540        466         32          8          0        912   net_ip4.o
       400        142          0          8          0        312   net_loop.o
       856        340          0          0         20        564   net_mem.o
       420         44          0          0         60        632   net_modem_drv.o
       196         76         18          0         32        220   net_ping.o
       316         36          0          0        332        444   net_serial.o
      1302        312          0          0         24        876   net_slip.o
       624        172        182         20         72        780   net_sys.o
      8604       3260        177          4          0       2368   net_tcp.o
       238         24          0          1          0       2968   hal_cm.o
       304         36          0          0          0        760   hal_cm3.o
      2218        240          0          8          0      45323   rt_cmsis.o
       300         24          0          0          0       2735   rt_event.o
       566         44          0          0         48       7844   rt_list.o
       550         10          0          0          0       3373   rt_mailbox.o
       128          0          0          0          0       1677   rt_membox.o
       128          0          0          0          0       2059   rt_memory.o
       336         12          0          0          0       1825   rt_mutex.o
        96         22          0          8          0       1134   rt_robin.o
       186         10          0          0          0       2554   rt_semaphore.o
       298         52          0          8          0       5951   rt_system.o
      1248        184          0          8         52       9263   rt_task.o
         6          0          0          4          0        620   rt_time.o
         4          4          0          0          0        200   svc_table.o
        56          8          0          0          0         84   __0sscanf.o
        28          0          0          0          0         68   _chval.o
       812          4          0          0          0        112   _scanf.o
       332          0          0          0          0         96   _scanf_int.o
        64          0          0          0          0         84   _sgetc.o
       158          0          0          0          0         92   _strtoul.o
        26          0          0          0          0         80   atoi.o
         8          4        133          0          0         68   ctype_o.o
         0          0          0          0          0          0   entry.o
         0          0          0          0          0          0   entry10a.o
         0          0          0          0          0          0   entry11a.o
         8          4          0          0          0          0   entry2.o
         4          0          0          0          0          0   entry5.o
         0          0          0          0          0          0   entry7b.o
         0          0          0          0          0          0   entry8b.o
         8          4          0          4          0         68   errno.o
        30          0          0          0          0          0   handlers.o
        36          8          0          0          0         68   init.o
        18          0          0          0          0         76   isspace_o.o
         0          0          0          0          0          0   iusefp.o
        30          0          0          0          0         68   llshl.o
        36          0          0          0          0         68   llsshr.o
        32          0          0          0          0         68   llushr.o
        26          0          0          0          0         80   memcmp.o
        36          0          0          0          0         68   memcpya.o
        36          0          0          0          0        108   memseta.o
      1204         60          0          0          0        504   printf8.o
      2210         88          0          0          0        428   printfa.o
        40          8          0          0          0         84   scanf_char.o
         0          0          0          4          0          0   stdout.o
        28          0          0          0          0         76   strcmp.o
        18          0          0          0          0         68   strcpy.o
        14          0          0          0          0         68   strlen.o
        30          0          0          0          0         80   strncmp.o
        68          6          0          4          0         80   strtok.o
       112          0          0          0          0         88   strtol.o
        44          0          0          0          0         80   uidiv.o
        98          0          0          0          0         92   uldiv.o
        48          0          0          0          0         68   cdrcmple.o
       334          0          0          0          0        148   dadd.o
       222          0          0          0          0        100   ddiv.o
       186          0          0          0          0        176   depilogue.o
        48          0          0          0          0         68   dfixul.o
       228          0          0          0          0         96   dmul.o

    ----------------------------------------------------------------------
     36722       8768       1428        108        676     102738   Library Totals
        44          0         10          3          2          0   (incl. Padding)

    ----------------------------------------------------------------------

      Code (inc. data)   RO Data    RW Data    ZI Data      Debug   Library Name

     23356       7912       1285         56        574      10792   Net4_Dbg_CM3_L.lib
      6606        662          0         37        100      88286   RTX_CM3.lib
      5650        194        133         12          0       3004   mc_w.l
      1066          0          0          0          0        656   mf_w.l

    ----------------------------------------------------------------------
     36722       8768       1428        108        676     102738   Library Totals

    ----------------------------------------------------------------------

==============================================================================


      Code (inc. data)   RO Data    RW Data    ZI Data      Debug   

     50608       9934      15188        244      23188     518381   Grand Totals
     50608       9934      15188        244      23188     518381   ELF Image Totals
     50608       9934      15188        244          0          0   ROM Totals

==============================================================================

    Total RO  Size (Code + RO Data)                65796 (  64.25kB)
    Total RW  Size (RW Data + ZI Data)             23432 (  22.88kB)
    Total ROM Size (Code + RO Data + RW Data)      66040 (  64.49kB)

==============================================================================

